Archive member included because of file (symbol)

c:/program files (x86)/atmel/studio/7.0/toolchain/arm/arm-gnu-toolchain/bin/../lib/gcc/arm-none-eabi/4.9.3/../../../../arm-none-eabi/lib/armv7e-m\libc.a(lib_a-exit.o)
                              c:/program files (x86)/atmel/studio/7.0/toolchain/arm/arm-gnu-toolchain/bin/../lib/gcc/arm-none-eabi/4.9.3/../../../../arm-none-eabi/lib/armv7e-m/crt0.o (exit)
c:/program files (x86)/atmel/studio/7.0/toolchain/arm/arm-gnu-toolchain/bin/../lib/gcc/arm-none-eabi/4.9.3/../../../../arm-none-eabi/lib/armv7e-m\libc.a(lib_a-impure.o)
                              c:/program files (x86)/atmel/studio/7.0/toolchain/arm/arm-gnu-toolchain/bin/../lib/gcc/arm-none-eabi/4.9.3/../../../../arm-none-eabi/lib/armv7e-m\libc.a(lib_a-exit.o) (_global_impure_ptr)
c:/program files (x86)/atmel/studio/7.0/toolchain/arm/arm-gnu-toolchain/bin/../lib/gcc/arm-none-eabi/4.9.3/../../../../arm-none-eabi/lib/armv7e-m\libc.a(lib_a-init.o)
                              c:/program files (x86)/atmel/studio/7.0/toolchain/arm/arm-gnu-toolchain/bin/../lib/gcc/arm-none-eabi/4.9.3/../../../../arm-none-eabi/lib/armv7e-m/crt0.o (__libc_init_array)
c:/program files (x86)/atmel/studio/7.0/toolchain/arm/arm-gnu-toolchain/bin/../lib/gcc/arm-none-eabi/4.9.3/../../../../arm-none-eabi/lib/armv7e-m\libc.a(lib_a-iprintf.o)
                              src/ASF/sam/drivers/adc/adc.o (iprintf)
c:/program files (x86)/atmel/studio/7.0/toolchain/arm/arm-gnu-toolchain/bin/../lib/gcc/arm-none-eabi/4.9.3/../../../../arm-none-eabi/lib/armv7e-m\libc.a(lib_a-memset.o)
                              c:/program files (x86)/atmel/studio/7.0/toolchain/arm/arm-gnu-toolchain/bin/../lib/gcc/arm-none-eabi/4.9.3/../../../../arm-none-eabi/lib/armv7e-m/crt0.o (memset)
c:/program files (x86)/atmel/studio/7.0/toolchain/arm/arm-gnu-toolchain/bin/../lib/gcc/arm-none-eabi/4.9.3/../../../../arm-none-eabi/lib/armv7e-m\libc.a(lib_a-puts.o)
                              src/ASF/sam/drivers/adc/adc.o (puts)
c:/program files (x86)/atmel/studio/7.0/toolchain/arm/arm-gnu-toolchain/bin/../lib/gcc/arm-none-eabi/4.9.3/../../../../arm-none-eabi/lib/armv7e-m\libc.a(lib_a-strlen.o)
                              c:/program files (x86)/atmel/studio/7.0/toolchain/arm/arm-gnu-toolchain/bin/../lib/gcc/arm-none-eabi/4.9.3/../../../../arm-none-eabi/lib/armv7e-m\libc.a(lib_a-puts.o) (strlen)
c:/program files (x86)/atmel/studio/7.0/toolchain/arm/arm-gnu-toolchain/bin/../lib/gcc/arm-none-eabi/4.9.3/../../../../arm-none-eabi/lib/armv7e-m\libc.a(lib_a-vfiprintf.o)
                              c:/program files (x86)/atmel/studio/7.0/toolchain/arm/arm-gnu-toolchain/bin/../lib/gcc/arm-none-eabi/4.9.3/../../../../arm-none-eabi/lib/armv7e-m\libc.a(lib_a-iprintf.o) (_vfiprintf_r)
c:/program files (x86)/atmel/studio/7.0/toolchain/arm/arm-gnu-toolchain/bin/../lib/gcc/arm-none-eabi/4.9.3/../../../../arm-none-eabi/lib/armv7e-m\libc.a(lib_a-wsetup.o)
                              c:/program files (x86)/atmel/studio/7.0/toolchain/arm/arm-gnu-toolchain/bin/../lib/gcc/arm-none-eabi/4.9.3/../../../../arm-none-eabi/lib/armv7e-m\libc.a(lib_a-vfiprintf.o) (__swsetup_r)
c:/program files (x86)/atmel/studio/7.0/toolchain/arm/arm-gnu-toolchain/bin/../lib/gcc/arm-none-eabi/4.9.3/../../../../arm-none-eabi/lib/armv7e-m\libc.a(lib_a-__call_atexit.o)
                              c:/program files (x86)/atmel/studio/7.0/toolchain/arm/arm-gnu-toolchain/bin/../lib/gcc/arm-none-eabi/4.9.3/../../../../arm-none-eabi/lib/armv7e-m\libc.a(lib_a-exit.o) (__call_exitprocs)
c:/program files (x86)/atmel/studio/7.0/toolchain/arm/arm-gnu-toolchain/bin/../lib/gcc/arm-none-eabi/4.9.3/../../../../arm-none-eabi/lib/armv7e-m\libc.a(lib_a-atexit.o)
                              c:/program files (x86)/atmel/studio/7.0/toolchain/arm/arm-gnu-toolchain/bin/../lib/gcc/arm-none-eabi/4.9.3/../../../../arm-none-eabi/lib/armv7e-m\libc.a(lib_a-__call_atexit.o) (atexit)
c:/program files (x86)/atmel/studio/7.0/toolchain/arm/arm-gnu-toolchain/bin/../lib/gcc/arm-none-eabi/4.9.3/../../../../arm-none-eabi/lib/armv7e-m\libc.a(lib_a-fflush.o)
                              c:/program files (x86)/atmel/studio/7.0/toolchain/arm/arm-gnu-toolchain/bin/../lib/gcc/arm-none-eabi/4.9.3/../../../../arm-none-eabi/lib/armv7e-m\libc.a(lib_a-vfiprintf.o) (_fflush_r)
c:/program files (x86)/atmel/studio/7.0/toolchain/arm/arm-gnu-toolchain/bin/../lib/gcc/arm-none-eabi/4.9.3/../../../../arm-none-eabi/lib/armv7e-m\libc.a(lib_a-findfp.o)
                              c:/program files (x86)/atmel/studio/7.0/toolchain/arm/arm-gnu-toolchain/bin/../lib/gcc/arm-none-eabi/4.9.3/../../../../arm-none-eabi/lib/armv7e-m\libc.a(lib_a-vfiprintf.o) (__sinit)
c:/program files (x86)/atmel/studio/7.0/toolchain/arm/arm-gnu-toolchain/bin/../lib/gcc/arm-none-eabi/4.9.3/../../../../arm-none-eabi/lib/armv7e-m\libc.a(lib_a-fini.o)
[...]
Memory Configuration

Name             Origin             Length             Attributes
rom              0x00400000         0x00200000         xr
ram              0x20000000         0x00028000         xrw
*default*        0x00000000         0xffffffff

Linker script and memory map

LOAD c:/program files (x86)/atmel/studio/7.0/toolchain/arm/arm-gnu-toolchain/bin/../lib/gcc/arm-none-eabi/4.9.3/armv7e-m/crti.o
LOAD c:/program files (x86)/atmel/studio/7.0/toolchain/arm/arm-gnu-toolchain/bin/../lib/gcc/arm-none-eabi/4.9.3/armv7e-m/crtbegin.o
LOAD c:/program files (x86)/atmel/studio/7.0/toolchain/arm/arm-gnu-toolchain/bin/../lib/gcc/arm-none-eabi/4.9.3/../../../../arm-none-eabi/lib/armv7e-m/crt0.o
LOAD src/ASF/sam/drivers/adc/adc.o
LOAD src/ASF/sam/drivers/adc/adc_sam3u.o
LOAD src/ASF/sam/drivers/tc/tc.o
LOAD src/ASF/common/services/clock/sam4s/sysclk.o
LOAD src/ASF/common/services/serial/usart_serial.o
LOAD src/ASF/common/utils/interrupt/interrupt_sam_nvic.o
LOAD src/ASF/common/utils/stdio/read.o
LOAD src/ASF/common/utils/stdio/write.o
LOAD src/ASF/sam/boards/sam4s_ek2/init.o
LOAD src/ASF/sam/boards/sam4s_ek2/led.o
LOAD src/ASF/sam/components/display/aat31xx/aat31xx.o
LOAD src/ASF/sam/components/display/ili93xx/ili93xx.o
LOAD src/ASF/sam/drivers/ebi/smc/smc.o
LOAD src/ASF/sam/drivers/pio/pio.o
LOAD src/ASF/sam/drivers/pio/pio_handler.o
LOAD src/ASF/sam/drivers/pmc/pmc.o
LOAD src/ASF/sam/drivers/pmc/sleep.o
LOAD src/ASF/sam/drivers/uart/uart.o
LOAD src/ASF/sam/drivers/usart/usart.o
LOAD src/ASF/sam/utils/cmsis/sam4s/source/templates/gcc/startup_sam4s.o
LOAD src/ASF/sam/utils/cmsis/sam4s/source/templates/system_sam4s.o
LOAD src/ASF/sam/utils/syscalls/gcc/syscalls.o
LOAD src/ili93xx_example.o
START GROUP
LOAD ../src/ASF/thirdparty/CMSIS/Lib/GCC\libarm_cortexM4l_math.a
LOAD c:/program files (x86)/atmel/studio/7.0/toolchain/arm/arm-gnu-toolchain/bin/../lib/gcc/arm-none-eabi/4.9.3/../../../../arm-none-eabi/lib/armv7e-m\libm.a
END GROUP
START GROUP
LOAD c:/program files (x86)/atmel/studio/7.0/toolchain/arm/arm-gnu-toolchain/bin/../lib/gcc/arm-none-eabi/4.9.3/armv7e-m\libgcc.a
LOAD c:/program files (x86)/atmel/studio/7.0/toolchain/arm/arm-gnu-toolchain/bin/../lib/gcc/arm-none-eabi/4.9.3/../../../../arm-none-eabi/lib/armv7e-m\libc.a
END GROUP
LOAD c:/program files (x86)/atmel/studio/7.0/toolchain/arm/arm-gnu-toolchain/bin/../lib/gcc/arm-none-eabi/4.9.3/armv7e-m/crtend.o
LOAD c:/program files (x86)/atmel/studio/7.0/toolchain/arm/arm-gnu-toolchain/bin/../lib/gcc/arm-none-eabi/4.9.3/armv7e-m/crtn.o
                0x00003000                __stack_size__ = DEFINED (__stack_size__)?__stack_size__:0x3000
                0x20027ffc                __ram_end__ = ((ORIGIN (ram) + 0x28000) - 0x4)

.text           0x00400000     0x3008
                0x00400000                . = ALIGN (0x4)
                0x00400000                _sfixed = .
 *(.vectors .vectors.*)
 .vectors       0x00400000       0xcc src/ASF/sam/utils/cmsis/sam4s/source/templates/gcc/startup_sam4s.o
                0x00400000                exception_table
 *(.text .text.* .gnu.linkonce.t.*)
 .text          0x004000cc       0x5c c:/program files (x86)/atmel/studio/7.0/toolchain/arm/arm-gnu-toolchain/bin/../lib/gcc/arm-none-eabi/4.9.3/armv7e-m/crtbegin.o
 .text.adc_init
                0x00400128       0x64 src/ASF/sam/drivers/adc/adc.o
                0x00400128                adc_init
 .text.adc_configure_trigger
                0x0040018c       0x30 src/ASF/sam/drivers/adc/adc.o
                0x0040018c                adc_configure_trigger
 .text.adc_configure_timing
                0x004001bc       0x40 src/ASF/sam/drivers/adc/adc.o
                0x004001bc                adc_configure_timing
 .text.adc_start
                0x004001fc       0x18 src/ASF/sam/drivers/adc/adc.o
                0x004001fc                adc_start
 .text.adc_enable_channel
                0x00400214       0x24 src/ASF/sam/drivers/adc/adc.o
                0x00400214                adc_enable_channel
 .text.adc_get_channel_value
                0x00400238       0x30 src/ASF/sam/drivers/adc/adc.o
                0x00400238                adc_get_channel_value
 .text.adc_enable_interrupt
                0x00400268       0x1c src/ASF/sam/drivers/adc/adc.o
                0x00400268                adc_enable_interrupt
 .text.adc_get_status
                0x00400284       0x18 src/ASF/sam/drivers/adc/adc.o
                0x00400284                adc_get_status
 .text.adc_enable_ts
                0x0040029c       0x24 src/ASF/sam/drivers/adc/adc.o
                0x0040029c                adc_enable_ts
 .text.osc_enable
                0x004002c0       0x84 src/ASF/common/services/clock/sam4s/sysclk.o
 .text.osc_is_ready
                0x00400344       0x70 src/ASF/common/services/clock/sam4s/sysclk.o
 .text.osc_get_rate
                0x004003b4       0x74 src/ASF/common/services/clock/sam4s/sysclk.o
 .text.osc_wait_ready
                0x00400428       0x2c src/ASF/common/services/clock/sam4s/sysclk.o
 .text.pll_config_init
                0x00400454       0x54 src/ASF/common/services/clock/sam4s/sysclk.o
 .text.pll_enable
                0x004004a8       0x40 src/ASF/common/services/clock/sam4s/sysclk.o
 .text.pll_is_locked
                0x004004e8       0x2c src/ASF/common/services/clock/sam4s/sysclk.o
 .text.pll_enable_source
                0x00400514       0x34 src/ASF/common/services/clock/sam4s/sysclk.o
 .text.pll_wait_for_lock
                0x00400548       0x24 src/ASF/common/services/clock/sam4s/sysclk.o
 .text.sysclk_get_main_hz
                0x0040056c       0x1c src/ASF/common/services/clock/sam4s/sysclk.o
 .text.sysclk_get_cpu_hz
                0x00400588       0x14 src/ASF/common/services/clock/sam4s/sysclk.o
 .text.sysclk_init
                0x0040059c       0x70 src/ASF/common/services/clock/sam4s/sysclk.o
                0x0040059c                sysclk_init
 .text.sysclk_enable_peripheral_clock
                0x0040060c       0x18 src/ASF/sam/boards/sam4s_ek2/init.o
 .text.ioport_init
                0x00400624       0x1c src/ASF/sam/boards/sam4s_ek2/init.o
 .text.board_init
                0x00400640       0xd0 src/ASF/sam/boards/sam4s_ek2/init.o
                0x00400640                board_init
 .text.ioport_set_pin_level
                0x00400710       0x6c src/ASF/sam/components/display/aat31xx/aat31xx.o
 .text.aat31xx_set_backlight
                0x0040077c       0x88 src/ASF/sam/components/display/aat31xx/aat31xx.o
                0x0040077c                aat31xx_set_backlight
 .text.aat31xx_disable_backlight
                0x00400804       0x2c src/ASF/sam/components/display/aat31xx/aat31xx.o
                0x00400804                aat31xx_disable_backlight
 .text.LCD_IR   0x00400830       0x1c src/ASF/sam/components/display/ili93xx/ili93xx.o
 .text.LCD_WD   0x0040084c       0x20 src/ASF/sam/components/display/ili93xx/ili93xx.o
 .text.LCD_RD   0x0040086c       0x18 src/ASF/sam/components/display/ili93xx/ili93xx.o
 .text.ili93xx_write_ram_prepare
                0x00400884       0x40 src/ASF/sam/components/display/ili93xx/ili93xx.o
 .text.ili93xx_write_ram
                0x004008c4       0x34 src/ASF/sam/components/display/ili93xx/ili93xx.o
 .text.ili93xx_write_ram_buffer
                0x004008f8       0xdc src/ASF/sam/components/display/ili93xx/ili93xx.o
 .text.ili93xx_write_register_word
                0x004009d4       0x44 src/ASF/sam/components/display/ili93xx/ili93xx.o
 .text.ili93xx_write_register
                0x00400a18       0x50 src/ASF/sam/components/display/ili93xx/ili93xx.o
 .text.ili93xx_read_register
                0x00400a68       0x50 src/ASF/sam/components/display/ili93xx/ili93xx.o
 .text.ili93xx_delay
                0x00400ab8       0x40 src/ASF/sam/components/display/ili93xx/ili93xx.o
 .text.ili93xx_check_box_coordinates
                0x00400af8       0xb8 src/ASF/sam/components/display/ili93xx/ili93xx.o
 .text.ili93xx_device_type_identify
                0x00400bb0       0x78 src/ASF/sam/components/display/ili93xx/ili93xx.o
                0x00400bb0                ili93xx_device_type_identify
 .text.ili93xx_init
                0x00400c28      0x390 src/ASF/sam/components/display/ili93xx/ili93xx.o
                0x00400c28                ili93xx_init
 .text.ili93xx_display_on
                0x00400fb8       0x38 src/ASF/sam/components/display/ili93xx/ili93xx.o
                0x00400fb8                ili93xx_display_on
 .text.ili93xx_set_foreground_color
                0x00400ff0       0x34 src/ASF/sam/components/display/ili93xx/ili93xx.o
                0x00400ff0                ili93xx_set_foreground_color
 .text.ili93xx_set_window
                0x00401024       0xf4 src/ASF/sam/components/display/ili93xx/ili93xx.o
                0x00401024                ili93xx_set_window
 .text.ili93xx_set_cursor_position
                0x00401118       0x3c src/ASF/sam/components/display/ili93xx/ili93xx.o
                0x00401118                ili93xx_set_cursor_position
 .text.ili93xx_draw_pixel
                0x00401154       0x98 src/ASF/sam/components/display/ili93xx/ili93xx.o
                0x00401154                ili93xx_draw_pixel
 .text.ili93xx_draw_filled_rectangle
                0x004011ec       0xd8 src/ASF/sam/components/display/ili93xx/ili93xx.o
                0x004011ec                ili93xx_draw_filled_rectangle
 .text.ili93xx_draw_circle
                0x004012c4      0x110 src/ASF/sam/components/display/ili93xx/ili93xx.o
                0x004012c4                ili93xx_draw_circle
 .text.ili93xx_draw_char
                0x004013d4       0xd4 src/ASF/sam/components/display/ili93xx/ili93xx.o
 .text.ili93xx_draw_string
                0x004014a8       0x60 src/ASF/sam/components/display/ili93xx/ili93xx.o
                0x004014a8                ili93xx_draw_string
 .text.smc_set_setup_timing
                0x00401508       0x24 src/ASF/sam/drivers/ebi/smc/smc.o
                0x00401508                smc_set_setup_timing
 .text.smc_set_pulse_timing
                0x0040152c       0x24 src/ASF/sam/drivers/ebi/smc/smc.o
                0x0040152c                smc_set_pulse_timing
 .text.smc_set_cycle_timing
                0x00401550       0x24 src/ASF/sam/drivers/ebi/smc/smc.o
                0x00401550                smc_set_cycle_timing
 .text.smc_set_mode
                0x00401574       0x24 src/ASF/sam/drivers/ebi/smc/smc.o
                0x00401574                smc_set_mode
 .text.pio_pull_up
                0x00401598       0x2c src/ASF/sam/drivers/pio/pio.o
                0x00401598                pio_pull_up
 .text.pio_set_debounce_filter
                0x004015c4       0x38 src/ASF/sam/drivers/pio/pio.o
                0x004015c4                pio_set_debounce_filter
 .text.pio_set_peripheral
                0x004015fc      0x110 src/ASF/sam/drivers/pio/pio.o
                0x004015fc                pio_set_peripheral
 .text.pio_set_input
                0x0040170c       0x7c src/ASF/sam/drivers/pio/pio.o
                0x0040170c                pio_set_input
 .text.pio_set_output
                0x00401788       0x64 src/ASF/sam/drivers/pio/pio.o
                0x00401788                pio_set_output
 .text.pio_configure_interrupt
                0x004017ec       0x6c src/ASF/sam/drivers/pio/pio.o
                0x004017ec                pio_configure_interrupt
 .text.pio_enable_interrupt
                0x00401858       0x20 src/ASF/sam/drivers/pio/pio.o
                0x00401858                pio_enable_interrupt
 .text.pio_disable_interrupt
                0x00401878       0x1c src/ASF/sam/drivers/pio/pio.o
                0x00401878                pio_disable_interrupt
 .text.pio_get_interrupt_status
                0x00401894       0x18 src/ASF/sam/drivers/pio/pio.o
                0x00401894                pio_get_interrupt_status
 .text.pio_get_interrupt_mask
                0x004018ac       0x18 src/ASF/sam/drivers/pio/pio.o
                0x004018ac                pio_get_interrupt_mask
 .text.pio_configure_pin
                0x004018c4      0x1b8 src/ASF/sam/drivers/pio/pio.o
                0x004018c4                pio_configure_pin
 .text.pio_configure_pin_group
                0x00401a7c      0x12c src/ASF/sam/drivers/pio/pio.o
                0x00401a7c                pio_configure_pin_group
 .text.pio_get_pin_group
                0x00401ba8       0x28 src/ASF/sam/drivers/pio/pio.o
                0x00401ba8                pio_get_pin_group
 .text.pio_handler_process
                0x00401bd0       0xcc src/ASF/sam/drivers/pio/pio_handler.o
                0x00401bd0                pio_handler_process
 .text.pio_handler_set
                0x00401c9c       0x68 src/ASF/sam/drivers/pio/pio_handler.o
                0x00401c9c                pio_handler_set
 .text.PIOA_Handler
                0x00401d04       0x18 src/ASF/sam/drivers/pio/pio_handler.o
                0x00401d04                PIOA_Handler
 .text.PIOB_Handler
                0x00401d1c       0x18 src/ASF/sam/drivers/pio/pio_handler.o
                0x00401d1c                PIOB_Handler
 .text.PIOC_Handler
                0x00401d34       0x18 src/ASF/sam/drivers/pio/pio_handler.o
                0x00401d34                PIOC_Handler
 .text.pmc_switch_mck_to_pllack
                0x00401d4c       0x84 src/ASF/sam/drivers/pmc/pmc.o
                0x00401d4c                pmc_switch_mck_to_pllack
 .text.pmc_switch_sclk_to_32kxtal
                0x00401dd0       0x38 src/ASF/sam/drivers/pmc/pmc.o
                0x00401dd0                pmc_switch_sclk_to_32kxtal
 .text.pmc_osc_is_ready_32kxtal
                0x00401e08       0x34 src/ASF/sam/drivers/pmc/pmc.o
                0x00401e08                pmc_osc_is_ready_32kxtal
 .text.pmc_switch_mainck_to_fastrc
                0x00401e3c       0x70 src/ASF/sam/drivers/pmc/pmc.o
                0x00401e3c                pmc_switch_mainck_to_fastrc
 .text.pmc_switch_mainck_to_xtal
                0x00401eac       0x78 src/ASF/sam/drivers/pmc/pmc.o
                0x00401eac                pmc_switch_mainck_to_xtal
 .text.pmc_osc_is_ready_mainck
                0x00401f24       0x1c src/ASF/sam/drivers/pmc/pmc.o
                0x00401f24                pmc_osc_is_ready_mainck
 .text.pmc_disable_pllack
                0x00401f40       0x18 src/ASF/sam/drivers/pmc/pmc.o
                0x00401f40                pmc_disable_pllack
 .text.pmc_is_locked_pllack
                0x00401f58       0x1c src/ASF/sam/drivers/pmc/pmc.o
                0x00401f58                pmc_is_locked_pllack
 .text.pmc_disable_pllbck
                0x00401f74       0x18 src/ASF/sam/drivers/pmc/pmc.o
                0x00401f74                pmc_disable_pllbck
 .text.pmc_is_locked_pllbck
                0x00401f8c       0x1c src/ASF/sam/drivers/pmc/pmc.o
                0x00401f8c                pmc_is_locked_pllbck
 .text.pmc_enable_periph_clk
                0x00401fa8       0x84 src/ASF/sam/drivers/pmc/pmc.o
                0x00401fa8                pmc_enable_periph_clk
 .text.Reset_Handler
                0x0040202c       0xc8 src/ASF/sam/utils/cmsis/sam4s/source/templates/gcc/startup_sam4s.o
                0x0040202c                Reset_Handler
 .text.Dummy_Handler
                0x004020f4        0x8 src/ASF/sam/utils/cmsis/sam4s/source/templates/gcc/startup_sam4s.o
                0x004020f4                DACC_Handler
                0x004020f4                DebugMon_Handler
                0x004020f4                HardFault_Handler
                0x004020f4                TC2_Handler
                0x004020f4                SPI_Handler
                0x004020f4                SysTick_Handler
                0x004020f4                TWI1_Handler
                0x004020f4                PendSV_Handler
                0x004020f4                NMI_Handler
                0x004020f4                CRCCU_Handler
                0x004020f4                USART0_Handler
                0x004020f4                RTT_Handler
                0x004020f4                EFC1_Handler
                0x004020f4                RTC_Handler
                0x004020f4                UsageFault_Handler
                0x004020f4                WDT_Handler
                0x004020f4                TC4_Handler
                0x004020f4                TC1_Handler
                0x004020f4                HSMCI_Handler
                0x004020f4                UART1_Handler
                0x004020f4                TC3_Handler
                0x004020f4                Dummy_Handler
                0x004020f4                TWI0_Handler
                0x004020f4                USART1_Handler
                0x004020f4                SSC_Handler
                0x004020f4                EFC0_Handler
                0x004020f4                ACC_Handler
                0x004020f4                PMC_Handler
                0x004020f4                PWM_Handler
                0x004020f4                MemManage_Handler
                0x004020f4                SUPC_Handler
                0x004020f4                SVC_Handler
                0x004020f4                UART0_Handler
                0x004020f4                UDP_Handler
                0x004020f4                BusFault_Handler
                0x004020f4                RSTC_Handler
                0x004020f4                TC0_Handler
                0x004020f4                TC5_Handler
 .text.SystemCoreClockUpdate
                0x004020fc      0x19c src/ASF/sam/utils/cmsis/sam4s/source/templates/system_sam4s.o
                0x004020fc                SystemCoreClockUpdate
 .text.system_init_flash
                0x00402298       0xc0 src/ASF/sam/utils/cmsis/sam4s/source/templates/system_sam4s.o
                0x00402298                system_init_flash
 .text.NVIC_EnableIRQ
                0x00402358       0x30 src/ili93xx_example.o
 .text.NVIC_SetPriority
                0x00402388       0x54 src/ili93xx_example.o
 .text.osc_get_rate
                0x004023dc       0x74 src/ili93xx_example.o
 .text.sysclk_get_main_hz
                0x00402450       0x1c src/ili93xx_example.o
 .text.sysclk_get_cpu_hz
                0x0040246c       0x14 src/ili93xx_example.o
 .text.push_button_handle
                0x00402480       0x20 src/ili93xx_example.o
 .text.ADC_Handler
                0x004024a0       0x3c src/ili93xx_example.o
                0x004024a0                ADC_Handler
 .text.configure_lcd
                0x004024dc       0xc4 src/ili93xx_example.o
                0x004024dc                configure_lcd
 .text.configure_botao
                0x004025a0       0x70 src/ili93xx_example.o
                0x004025a0                configure_botao
 .text.configure_adc
                0x00402610       0x8c src/ili93xx_example.o
                0x00402610                configure_adc
 .text.main     0x0040269c       0x68 src/ili93xx_example.o
                0x0040269c                main
 .text.__libc_init_array
                0x00402704       0x50 c:/program files (x86)/atmel/studio/7.0/toolchain/arm/arm-gnu-toolchain/bin/../lib/gcc/arm-none-eabi/4.9.3/../../../../arm-none-eabi/lib/armv7e-m\libc.a(lib_a-init.o)
                0x00402704                __libc_init_array
 .text.startup.register_fini
                0x00402754       0x14 c:/program files (x86)/atmel/studio/7.0/toolchain/arm/arm-gnu-toolchain/bin/../lib/gcc/arm-none-eabi/4.9.3/../../../../arm-none-eabi/lib/armv7e-m\libc.a(lib_a-__call_atexit.o)
 .text.atexit   0x00402768        0xc c:/program files (x86)/atmel/studio/7.0/toolchain/arm/arm-gnu-toolchain/bin/../lib/gcc/arm-none-eabi/4.9.3/../../../../arm-none-eabi/lib/armv7e-m\libc.a(lib_a-atexit.o)
                0x00402768                atexit
 .text.__libc_fini_array
                0x00402774       0x2c c:/program files (x86)/atmel/studio/7.0/toolchain/arm/arm-gnu-toolchain/bin/../lib/gcc/arm-none-eabi/4.9.3/../../../../arm-none-eabi/lib/armv7e-m\libc.a(lib_a-fini.o)
                0x00402774                __libc_fini_array
 .text.__register_exitproc
                0x004027a0       0xa4 c:/program files (x86)/atmel/studio/7.0/toolchain/arm/arm-gnu-toolchain/bin/../lib/gcc/arm-none-eabi/4.9.3/../../../../arm-none-eabi/lib/armv7e-m\libc.a(lib_a-__atexit.o)
                0x004027a0                __register_exitproc
 *(.glue_7t)
 .glue_7t       0x00000000        0x0 linker stubs
 *(.glue_7)
 .glue_7        0x00000000        0x0 linker stubs
 *(.rodata .rodata* .gnu.linkonce.r.*)
 .rodata.p_uc_charset10x14
                0x00402844      0x780 src/ASF/sam/components/display/ili93xx/ili93xx.o
                0x00402844                p_uc_charset10x14
 .rodata        0x00402fc4       0x18 src/ili93xx_example.o
 .rodata.str1.4
                0x00402fdc        0x4 c:/program files (x86)/atmel/studio/7.0/toolchain/arm/arm-gnu-toolchain/bin/../lib/gcc/arm-none-eabi/4.9.3/../../../../arm-none-eabi/lib/armv7e-m\libc.a(lib_a-impure.o)
                                  0x2 (size before relaxing)
 .rodata._global_impure_ptr
                0x00402fe0        0x4 c:/program files (x86)/atmel/studio/7.0/toolchain/arm/arm-gnu-toolchain/bin/../lib/gcc/arm-none-eabi/4.9.3/../../../../arm-none-eabi/lib/armv7e-m\libc.a(lib_a-impure.o)
                0x00402fe0                _global_impure_ptr
 *(.ARM.extab* .gnu.linkonce.armextab.*)
                0x00402fe4                . = ALIGN (0x4)
 *(.init)
 .init          0x00402fe4        0x4 c:/program files (x86)/atmel/studio/7.0/toolchain/arm/arm-gnu-toolchain/bin/../lib/gcc/arm-none-eabi/4.9.3/armv7e-m/crti.o
                0x00402fe4                _init
 .init          0x00402fe8        0x8 c:/program files (x86)/atmel/studio/7.0/toolchain/arm/arm-gnu-toolchain/bin/../lib/gcc/arm-none-eabi/4.9.3/armv7e-m/crtn.o
                0x00402ff0                . = ALIGN (0x4)
                0x00402ff0                __preinit_array_start = .
 *(.preinit_array)
                0x00402ff0                __preinit_array_end = .
                0x00402ff0                . = ALIGN (0x4)
                0x00402ff0                __init_array_start = .
 *(SORT(.init_array.*))
 .init_array.00000
                0x00402ff0        0x4 c:/program files (x86)/atmel/studio/7.0/toolchain/arm/arm-gnu-toolchain/bin/../lib/gcc/arm-none-eabi/4.9.3/../../../../arm-none-eabi/lib/armv7e-m\libc.a(lib_a-__call_atexit.o)
 *(.init_array)
 .init_array    0x00402ff4        0x4 c:/program files (x86)/atmel/studio/7.0/toolchain/arm/arm-gnu-toolchain/bin/../lib/gcc/arm-none-eabi/4.9.3/armv7e-m/crtbegin.o
                0x00402ff8                __init_array_end = .
                0x00402ff8                . = ALIGN (0x4)
 *crtbegin.o(.ctors)
 *(EXCLUDE_FILE(*crtend.o) .ctors)
 *(SORT(.ctors.*))
 *crtend.o(.ctors)
                0x00402ff8                . = ALIGN (0x4)
 *(.fini)
 .fini          0x00402ff8        0x4 c:/program files (x86)/atmel/studio/7.0/toolchain/arm/arm-gnu-toolchain/bin/../lib/gcc/arm-none-eabi/4.9.3/armv7e-m/crti.o
                0x00402ff8                _fini
 .fini          0x00402ffc        0x8 c:/program files (x86)/atmel/studio/7.0/toolchain/arm/arm-gnu-toolchain/bin/../lib/gcc/arm-none-eabi/4.9.3/armv7e-m/crtn.o
                0x00403004                . = ALIGN (0x4)
                0x00403004                __fini_array_start = .
 *(.fini_array)
 .fini_array    0x00403004        0x4 c:/program files (x86)/atmel/studio/7.0/toolchain/arm/arm-gnu-toolchain/bin/../lib/gcc/arm-none-eabi/4.9.3/armv7e-m/crtbegin.o
 *(SORT(.fini_array.*))
                0x00403008                __fini_array_end = .
 *crtbegin.o(.dtors)
 *(EXCLUDE_FILE(*crtend.o) .dtors)
 *(SORT(.dtors.*))
 *crtend.o(.dtors)
                0x00403008                . = ALIGN (0x4)
                0x00403008                _efixed = .
                0x00403008                PROVIDE (__exidx_start, .)

.vfp11_veneer   0x00403008        0x0
 .vfp11_veneer  0x00000000        0x0 linker stubs

.v4_bx          0x00403008        0x0
 .v4_bx         0x00000000        0x0 linker stubs

.iplt           0x00403008        0x0
 .iplt          0x00000000        0x0 c:/program files (x86)/atmel/studio/7.0/toolchain/arm/arm-gnu-toolchain/bin/../lib/gcc/arm-none-eabi/4.9.3/armv7e-m/crtbegin.o

.eh_frame       0x00403008        0x0
 .eh_frame      0x00403008        0x0 c:/program files (x86)/atmel/studio/7.0/toolchain/arm/arm-gnu-toolchain/bin/../lib/gcc/arm-none-eabi/4.9.3/armv7e-m/crtbegin.o

.rel.dyn        0x00403008        0x0
 .rel.iplt      0x00000000        0x0 c:/program files (x86)/atmel/studio/7.0/toolchain/arm/arm-gnu-toolchain/bin/../lib/gcc/arm-none-eabi/4.9.3/armv7e-m/crtbegin.o

.jcr            0x00403008        0x0
 .jcr           0x00403008        0x0 c:/program files (x86)/atmel/studio/7.0/toolchain/arm/arm-gnu-toolchain/bin/../lib/gcc/arm-none-eabi/4.9.3/armv7e-m/crtbegin.o

.igot.plt       0x00403008        0x0
 .igot.plt      0x00000000        0x0 c:/program files (x86)/atmel/studio/7.0/toolchain/arm/arm-gnu-toolchain/bin/../lib/gcc/arm-none-eabi/4.9.3/armv7e-m/crtbegin.o

.ARM.exidx
 *(.ARM.exidx* .gnu.linkonce.armexidx.*)
                0x00403008                PROVIDE (__exidx_end, .)
                0x00403008                . = ALIGN (0x4)
                0x00403008                _etext = .

.relocate       0x20000000      0x438 load address 0x00403008
                0x20000000                . = ALIGN (0x4)
                0x20000000                _srelocate = .
 *(.ramfunc .ramfunc.*)
 *(.data .data.*)
 .data.g_ul_lcd_x_length
                0x20000000        0x4 src/ASF/sam/components/display/ili93xx/ili93xx.o
 .data.g_ul_lcd_y_length
                0x20000004        0x4 src/ASF/sam/components/display/ili93xx/ili93xx.o
 .data.SystemCoreClock
                0x20000008        0x4 src/ASF/sam/utils/cmsis/sam4s/source/templates/system_sam4s.o
                0x20000008                SystemCoreClock
 *fill*         0x2000000c        0x4 
 .data.impure_data
                0x20000010      0x428 c:/program files (x86)/atmel/studio/7.0/toolchain/arm/arm-gnu-toolchain/bin/../lib/gcc/arm-none-eabi/4.9.3/../../../../arm-none-eabi/lib/armv7e-m\libc.a(lib_a-impure.o)
                0x20000438                . = ALIGN (0x4)
                0x20000438                _erelocate = .

.bss            0x20000438      0x478 load address 0x00403440
                0x20000438                . = ALIGN (0x4)
                0x20000438                _sbss = .
                0x20000438                _szero = .
 *(.bss .bss.*)
 .bss           0x20000438       0x1c c:/program files (x86)/atmel/studio/7.0/toolchain/arm/arm-gnu-toolchain/bin/../lib/gcc/arm-none-eabi/4.9.3/armv7e-m/crtbegin.o
 .bss.g_uc_device_type
                0x20000454        0x1 src/ASF/sam/components/display/ili93xx/ili93xx.o
 *fill*         0x20000455        0x3 
 .bss.g_ul_pixel_cache
                0x20000458      0x3c0 src/ASF/sam/components/display/ili93xx/ili93xx.o
 .bss.gs_interrupt_sources
                0x20000818       0x70 src/ASF/sam/drivers/pio/pio_handler.o
 .bss.gs_ul_nb_sources
                0x20000888        0x4 src/ASF/sam/drivers/pio/pio_handler.o
 .bss.pio_capture_handler
                0x2000088c        0x4 src/ASF/sam/drivers/pio/pio_handler.o
 *(COMMON)
 COMMON         0x20000890        0x4 src/ASF/sam/drivers/pio/pio.o
                0x20000890                pio_capture_enable_flag
 COMMON         0x20000894       0x1c src/ili93xx_example.o
                0x20000894                tmp
                0x20000898                flag
                0x2000089c                adc_value_old
                0x200008a0                g_ili93xx_display_opt
                0x200008b0                . = ALIGN (0x4)
                0x200008b0                _ebss = .
                0x200008b0                _ezero = .

.stack          0x200008b0     0x3000 load address 0x004038b8
                0x200008b0                . = ALIGN (0x8)
                0x200008b0                _sstack = .
                0x200038b0                . = (. + __stack_size__)
 *fill*         0x200008b0     0x3000 
                0x200038b0                . = ALIGN (0x8)
                0x200038b0                _estack = .
                0x200038b0                . = ALIGN (0x4)
                0x200038b0                _end = .
OUTPUT(14-ADC.elf elf32-littlearm)

.ARM.attributes
                0x00000000       0x2a
 .ARM.attributes
                0x00000000       0x1e c:/program files (x86)/atmel/studio/7.0/toolchain/arm/arm-gnu-toolchain/bin/../lib/gcc/arm-none-eabi/4.9.3/armv7e-m/crti.o
 .ARM.attributes
                0x0000001e       0x2e c:/program files (x86)/atmel/studio/7.0/toolchain/arm/arm-gnu-toolchain/bin/../lib/gcc/arm-none-eabi/4.9.3/armv7e-m/crtbegin.o
 .ARM.attributes
                0x0000004c       0x33 src/ASF/sam/drivers/adc/adc.o
 .ARM.attributes
                0x0000007f       0x33 src/ASF/common/services/clock/sam4s/sysclk.o
 .ARM.attributes
                0x000000b2       0x33 src/ASF/sam/boards/sam4s_ek2/init.o
 .ARM.attributes
                0x000000e5       0x33 src/ASF/sam/components/display/aat31xx/aat31xx.o
 .ARM.attributes
                0x00000118       0x33 src/ASF/sam/components/display/ili93xx/ili93xx.o
 .ARM.attributes
                0x0000014b       0x33 src/ASF/sam/drivers/ebi/smc/smc.o
 .ARM.attributes
                0x0000017e       0x33 src/ASF/sam/drivers/pio/pio.o
 .ARM.attributes
                0x000001b1       0x33 src/ASF/sam/drivers/pio/pio_handler.o
 .ARM.attributes
                0x000001e4       0x33 src/ASF/sam/drivers/pmc/pmc.o
 .ARM.attributes
                0x00000217       0x33 src/ASF/sam/utils/cmsis/sam4s/source/templates/gcc/startup_sam4s.o
 .ARM.attributes
                0x0000024a       0x33 src/ASF/sam/utils/cmsis/sam4s/source/templates/system_sam4s.o
 .ARM.attributes
                0x0000027d       0x33 src/ili93xx_example.o
 .ARM.attributes
                0x000002b0       0x2e c:/program files (x86)/atmel/studio/7.0/toolchain/arm/arm-gnu-toolchain/bin/../lib/gcc/arm-none-eabi/4.9.3/../../../../arm-none-eabi/lib/armv7e-m\libc.a(lib_a-impure.o)
 .ARM.attributes
                0x000002de       0x2e c:/program files (x86)/atmel/studio/7.0/toolchain/arm/arm-gnu-toolchain/bin/../lib/gcc/arm-none-eabi/4.9.3/../../../../arm-none-eabi/lib/armv7e-m\libc.a(lib_a-init.o)
 .ARM.attributes
                0x0000030c       0x2e c:/program files (x86)/atmel/studio/7.0/toolchain/arm/arm-gnu-toolchain/bin/../lib/gcc/arm-none-eabi/4.9.3/../../../../arm-none-eabi/lib/armv7e-m\libc.a(lib_a-__call_atexit.o)
 .ARM.attributes
                0x0000033a       0x2e c:/program files (x86)/atmel/studio/7.0/toolchain/arm/arm-gnu-toolchain/bin/../lib/gcc/arm-none-eabi/4.9.3/../../../../arm-none-eabi/lib/armv7e-m\libc.a(lib_a-atexit.o)
 .ARM.attributes
                0x00000368       0x2e c:/program files (x86)/atmel/studio/7.0/toolchain/arm/arm-gnu-toolchain/bin/../lib/gcc/arm-none-eabi/4.9.3/../../../../arm-none-eabi/lib/armv7e-m\libc.a(lib_a-fini.o)
 .ARM.attributes
                0x00000396       0x2e c:/program files (x86)/atmel/studio/7.0/toolchain/arm/arm-gnu-toolchain/bin/../lib/gcc/arm-none-eabi/4.9.3/../../../../arm-none-eabi/lib/armv7e-m\libc.a(lib_a-__atexit.o)
 .ARM.attributes
                0x000003c4       0x1e c:/program files (x86)/atmel/studio/7.0/toolchain/arm/arm-gnu-toolchain/bin/../lib/gcc/arm-none-eabi/4.9.3/armv7e-m/crtn.o

.comment        0x00000000       0x5b
 .comment       0x00000000       0x5b src/ASF/sam/drivers/adc/adc.o
                                 0x5c (size before relaxing)
 .comment       0x00000000       0x5c src/ASF/common/services/clock/sam4s/sysclk.o
 .comment       0x00000000       0x5c src/ASF/sam/boards/sam4s_ek2/init.o
 .comment       0x00000000       0x5c src/ASF/sam/components/display/aat31xx/aat31xx.o
 .comment       0x00000000       0x5c src/ASF/sam/components/display/ili93xx/ili93xx.o
 .comment       0x00000000       0x5c src/ASF/sam/drivers/ebi/smc/smc.o
 .comment       0x00000000       0x5c src/ASF/sam/drivers/pio/pio.o
 .comment       0x00000000       0x5c src/ASF/sam/drivers/pio/pio_handler.o
 .comment       0x00000000       0x5c src/ASF/sam/drivers/pmc/pmc.o
 .comment       0x00000000       0x5c src/ASF/sam/utils/cmsis/sam4s/source/templates/gcc/startup_sam4s.o
 .comment       0x00000000       0x5c src/ASF/sam/utils/cmsis/sam4s/source/templates/system_sam4s.o
 .comment       0x00000000       0x5c src/ili93xx_example.o

.debug_info     0x00000000     0x93ee
 .debug_info    0x00000000     0x10f2 src/ASF/sam/drivers/adc/adc.o
 .debug_info    0x000010f2      0x68d src/ASF/common/services/clock/sam4s/sysclk.o
 .debug_info    0x0000177f      0x745 src/ASF/sam/boards/sam4s_ek2/init.o
 .debug_info    0x00001ec4      0x898 src/ASF/sam/components/display/aat31xx/aat31xx.o
 .debug_info    0x0000275c     0x1173 src/ASF/sam/components/display/ili93xx/ili93xx.o
 .debug_info    0x000038cf      0x3e7 src/ASF/sam/drivers/ebi/smc/smc.o
 .debug_info    0x00003cb6     0x136b src/ASF/sam/drivers/pio/pio.o
 .debug_info    0x00005021      0xdde src/ASF/sam/drivers/pio/pio_handler.o
 .debug_info    0x00005dff     0x10ba src/ASF/sam/drivers/pmc/pmc.o
 .debug_info    0x00006eb9      0x681 src/ASF/sam/utils/cmsis/sam4s/source/templates/gcc/startup_sam4s.o
 .debug_info    0x0000753a      0x46d src/ASF/sam/utils/cmsis/sam4s/source/templates/system_sam4s.o
 .debug_info    0x000079a7     0x1a47 src/ili93xx_example.o

.debug_abbrev   0x00000000     0x1555
 .debug_abbrev  0x00000000      0x1b1 src/ASF/sam/drivers/adc/adc.o
 .debug_abbrev  0x000001b1      0x1b4 src/ASF/common/services/clock/sam4s/sysclk.o
 .debug_abbrev  0x00000365      0x150 src/ASF/sam/boards/sam4s_ek2/init.o
 .debug_abbrev  0x000004b5      0x205 src/ASF/sam/components/display/aat31xx/aat31xx.o
 .debug_abbrev  0x000006ba      0x257 src/ASF/sam/components/display/ili93xx/ili93xx.o
 .debug_abbrev  0x00000911      0x104 src/ASF/sam/drivers/ebi/smc/smc.o
 .debug_abbrev  0x00000a15      0x1c4 src/ASF/sam/drivers/pio/pio.o
 .debug_abbrev  0x00000bd9      0x229 src/ASF/sam/drivers/pio/pio_handler.o
 .debug_abbrev  0x00000e02      0x20d src/ASF/sam/drivers/pmc/pmc.o
 .debug_abbrev  0x0000100f      0x15f src/ASF/sam/utils/cmsis/sam4s/source/templates/gcc/startup_sam4s.o
 .debug_abbrev  0x0000116e       0xf5 src/ASF/sam/utils/cmsis/sam4s/source/templates/system_sam4s.o
 .debug_abbrev  0x00001263      0x2f2 src/ili93xx_example.o

.debug_loc      0x00000000     0x5530
 .debug_loc     0x00000000     0x107c src/ASF/sam/drivers/adc/adc.o
 .debug_loc     0x0000107c      0x424 src/ASF/common/services/clock/sam4s/sysclk.o
 .debug_loc     0x000014a0       0xa8 src/ASF/sam/boards/sam4s_ek2/init.o
 .debug_loc     0x00001548       0xfc src/ASF/sam/components/display/aat31xx/aat31xx.o
 .debug_loc     0x00001644      0xeec src/ASF/sam/components/display/ili93xx/ili93xx.o
 .debug_loc     0x00002530      0x284 src/ASF/sam/drivers/ebi/smc/smc.o
 .debug_loc     0x000027b4     0x1174 src/ASF/sam/drivers/pio/pio.o
 .debug_loc     0x00003928      0x390 src/ASF/sam/drivers/pio/pio_handler.o
 .debug_loc     0x00003cb8     0x1450 src/ASF/sam/drivers/pmc/pmc.o
 .debug_loc     0x00005108       0x64 src/ASF/sam/utils/cmsis/sam4s/source/templates/gcc/startup_sam4s.o
 .debug_loc     0x0000516c       0xe4 src/ASF/sam/utils/cmsis/sam4s/source/templates/system_sam4s.o
 .debug_loc     0x00005250      0x2e0 src/ili93xx_example.o

.debug_aranges  0x00000000      0x958
 .debug_aranges
                0x00000000      0x188 src/ASF/sam/drivers/adc/adc.o
 .debug_aranges
                0x00000188       0x88 src/ASF/common/services/clock/sam4s/sysclk.o
 .debug_aranges
                0x00000210       0x30 src/ASF/sam/boards/sam4s_ek2/init.o
 .debug_aranges
                0x00000240       0x30 src/ASF/sam/components/display/aat31xx/aat31xx.o
 .debug_aranges
                0x00000270      0x1a8 src/ASF/sam/components/display/ili93xx/ili93xx.o
 .debug_aranges
                0x00000418       0x50 src/ASF/sam/drivers/ebi/smc/smc.o
 .debug_aranges
                0x00000468      0x1a8 src/ASF/sam/drivers/pio/pio.o
 .debug_aranges
                0x00000610       0x78 src/ASF/sam/drivers/pio/pio_handler.o
 .debug_aranges
                0x00000688      0x208 src/ASF/sam/drivers/pmc/pmc.o
 .debug_aranges
                0x00000890       0x28 src/ASF/sam/utils/cmsis/sam4s/source/templates/gcc/startup_sam4s.o
 .debug_aranges
                0x000008b8       0x30 src/ASF/sam/utils/cmsis/sam4s/source/templates/system_sam4s.o
 .debug_aranges
                0x000008e8       0x70 src/ili93xx_example.o

.debug_ranges   0x00000000      0x898
 .debug_ranges  0x00000000      0x178 src/ASF/sam/drivers/adc/adc.o
 .debug_ranges  0x00000178       0x78 src/ASF/common/services/clock/sam4s/sysclk.o
 .debug_ranges  0x000001f0       0x20 src/ASF/sam/boards/sam4s_ek2/init.o
 .debug_ranges  0x00000210       0x20 src/ASF/sam/components/display/aat31xx/aat31xx.o
 .debug_ranges  0x00000230      0x198 src/ASF/sam/components/display/ili93xx/ili93xx.o
 .debug_ranges  0x000003c8       0x40 src/ASF/sam/drivers/ebi/smc/smc.o
 .debug_ranges  0x00000408      0x198 src/ASF/sam/drivers/pio/pio.o
 .debug_ranges  0x000005a0       0x68 src/ASF/sam/drivers/pio/pio_handler.o
 .debug_ranges  0x00000608      0x1f8 src/ASF/sam/drivers/pmc/pmc.o
 .debug_ranges  0x00000800       0x18 src/ASF/sam/utils/cmsis/sam4s/source/templates/gcc/startup_sam4s.o
 .debug_ranges  0x00000818       0x20 src/ASF/sam/utils/cmsis/sam4s/source/templates/system_sam4s.o
 .debug_ranges  0x00000838       0x60 src/ili93xx_example.o

.debug_macro    0x00000000    0x13250
 .debug_macro   0x00000000      0x4c1 src/ASF/sam/drivers/adc/adc.o
 .debug_macro   0x000004c1      0x89e src/ASF/sam/drivers/adc/adc.o
 .debug_macro   0x00000d5f      0x166 src/ASF/sam/drivers/adc/adc.o
 .debug_macro   0x00000ec5      0x636 src/ASF/sam/drivers/adc/adc.o
 .debug_macro   0x000014fb       0x76 src/ASF/sam/drivers/adc/adc.o
 .debug_macro   0x00001571       0x16 src/ASF/sam/drivers/adc/adc.o
 .debug_macro   0x00001587      0x6e4 src/ASF/sam/drivers/adc/adc.o
 .debug_macro   0x00001c6b       0x22 src/ASF/sam/drivers/adc/adc.o
 .debug_macro   0x00001c8d       0x44 src/ASF/sam/drivers/adc/adc.o
 .debug_macro   0x00001cd1       0x58 src/ASF/sam/drivers/adc/adc.o
 .debug_macro   0x00001d29       0x22 src/ASF/sam/drivers/adc/adc.o
 .debug_macro   0x00001d4b      0x1df src/ASF/sam/drivers/adc/adc.o
 .debug_macro   0x00001f2a       0x27 src/ASF/sam/drivers/adc/adc.o
 .debug_macro   0x00001f51       0x3b src/ASF/sam/drivers/adc/adc.o
 .debug_macro   0x00001f8c       0x2d src/ASF/sam/drivers/adc/adc.o
 .debug_macro   0x00001fb9       0x26 src/ASF/sam/drivers/adc/adc.o
 .debug_macro   0x00001fdf      0xbbf src/ASF/sam/drivers/adc/adc.o
 .debug_macro   0x00002b9e      0x159 src/ASF/sam/drivers/adc/adc.o
 .debug_macro   0x00002cf7      0xaaf src/ASF/sam/drivers/adc/adc.o
 .debug_macro   0x000037a6      0x284 src/ASF/sam/drivers/adc/adc.o
 .debug_macro   0x00003a2a      0x11e src/ASF/sam/drivers/adc/adc.o
 .debug_macro   0x00003b48       0xac src/ASF/sam/drivers/adc/adc.o
 .debug_macro   0x00003bf4      0x401 src/ASF/sam/drivers/adc/adc.o
 .debug_macro   0x00003ff5      0x106 src/ASF/sam/drivers/adc/adc.o
 .debug_macro   0x000040fb       0x1c src/ASF/sam/drivers/adc/adc.o
 .debug_macro   0x00004117      0x738 src/ASF/sam/drivers/adc/adc.o
 .debug_macro   0x0000484f      0x2d2 src/ASF/sam/drivers/adc/adc.o
 .debug_macro   0x00004b21       0xbe src/ASF/sam/drivers/adc/adc.o
 .debug_macro   0x00004bdf     0x280b src/ASF/sam/drivers/adc/adc.o
 .debug_macro   0x000073ea      0x777 src/ASF/sam/drivers/adc/adc.o
 .debug_macro   0x00007b61      0xa8e src/ASF/sam/drivers/adc/adc.o
 .debug_macro   0x000085ef       0x9a src/ASF/sam/drivers/adc/adc.o
 .debug_macro   0x00008689      0x3d8 src/ASF/sam/drivers/adc/adc.o
 .debug_macro   0x00008a61       0x64 src/ASF/sam/drivers/adc/adc.o
 .debug_macro   0x00008ac5      0x1ae src/ASF/sam/drivers/adc/adc.o
 .debug_macro   0x00008c73      0x386 src/ASF/sam/drivers/adc/adc.o
 .debug_macro   0x00008ff9      0x624 src/ASF/sam/drivers/adc/adc.o
 .debug_macro   0x0000961d      0x690 src/ASF/sam/drivers/adc/adc.o
 .debug_macro   0x00009cad      0x59f src/ASF/sam/drivers/adc/adc.o
 .debug_macro   0x0000a24c      0x34d src/ASF/sam/drivers/adc/adc.o
 .debug_macro   0x0000a599      0x28c src/ASF/sam/drivers/adc/adc.o
 .debug_macro   0x0000a825      0x2d6 src/ASF/sam/drivers/adc/adc.o
 .debug_macro   0x0000aafb      0x6d9 src/ASF/sam/drivers/adc/adc.o
 .debug_macro   0x0000b1d4       0x76 src/ASF/sam/drivers/adc/adc.o
 .debug_macro   0x0000b24a       0xb8 src/ASF/sam/drivers/adc/adc.o
 .debug_macro   0x0000b302       0xb2 src/ASF/sam/drivers/adc/adc.o
 .debug_macro   0x0000b3b4       0x88 src/ASF/sam/drivers/adc/adc.o
 .debug_macro   0x0000b43c      0x105 src/ASF/sam/drivers/adc/adc.o
 .debug_macro   0x0000b541      0x105 src/ASF/sam/drivers/adc/adc.o
 .debug_macro   0x0000b646       0x88 src/ASF/sam/drivers/adc/adc.o
 .debug_macro   0x0000b6ce       0x88 src/ASF/sam/drivers/adc/adc.o
 .debug_macro   0x0000b756      0x2cd src/ASF/sam/drivers/adc/adc.o
 .debug_macro   0x0000ba23       0xb2 src/ASF/sam/drivers/adc/adc.o
 .debug_macro   0x0000bad5       0xb2 src/ASF/sam/drivers/adc/adc.o
 .debug_macro   0x0000bb87       0x52 src/ASF/sam/drivers/adc/adc.o
 .debug_macro   0x0000bbd9       0xac src/ASF/sam/drivers/adc/adc.o
 .debug_macro   0x0000bc85       0x7c src/ASF/sam/drivers/adc/adc.o
 .debug_macro   0x0000bd01       0x40 src/ASF/sam/drivers/adc/adc.o
 .debug_macro   0x0000bd41       0x64 src/ASF/sam/drivers/adc/adc.o
 .debug_macro   0x0000bda5       0x46 src/ASF/sam/drivers/adc/adc.o
 .debug_macro   0x0000bdeb       0x88 src/ASF/sam/drivers/adc/adc.o
 .debug_macro   0x0000be73       0x4c src/ASF/sam/drivers/adc/adc.o
 .debug_macro   0x0000bebf       0xa6 src/ASF/sam/drivers/adc/adc.o
 .debug_macro   0x0000bf65       0x7c src/ASF/sam/drivers/adc/adc.o
 .debug_macro   0x0000bfe1       0x16 src/ASF/sam/drivers/adc/adc.o
 .debug_macro   0x0000bff7       0x7c src/ASF/sam/drivers/adc/adc.o
 .debug_macro   0x0000c073       0x22 src/ASF/sam/drivers/adc/adc.o
 .debug_macro   0x0000c095       0x22 src/ASF/sam/drivers/adc/adc.o
 .debug_macro   0x0000c0b7      0x195 src/ASF/sam/drivers/adc/adc.o
 .debug_macro   0x0000c24c      0x165 src/ASF/sam/drivers/adc/adc.o
 .debug_macro   0x0000c3b1      0x165 src/ASF/sam/drivers/adc/adc.o
 .debug_macro   0x0000c516       0x1c src/ASF/sam/drivers/adc/adc.o
 .debug_macro   0x0000c532       0x2e src/ASF/sam/drivers/adc/adc.o
 .debug_macro   0x0000c560       0x22 src/ASF/sam/drivers/adc/adc.o
 .debug_macro   0x0000c582       0x1c src/ASF/sam/drivers/adc/adc.o
 .debug_macro   0x0000c59e       0x52 src/ASF/sam/drivers/adc/adc.o
 .debug_macro   0x0000c5f0       0x10 src/ASF/sam/drivers/adc/adc.o
 .debug_macro   0x0000c600      0x234 src/ASF/sam/drivers/adc/adc.o
 .debug_macro   0x0000c834      0x938 src/ASF/sam/drivers/adc/adc.o
 .debug_macro   0x0000d16c      0x12a src/ASF/sam/drivers/adc/adc.o
 .debug_macro   0x0000d296       0x58 src/ASF/sam/drivers/adc/adc.o
 .debug_macro   0x0000d2ee       0x35 src/ASF/sam/drivers/adc/adc.o
 .debug_macro   0x0000d323       0x9c src/ASF/sam/drivers/adc/adc.o
 .debug_macro   0x0000d3bf       0x16 src/ASF/sam/drivers/adc/adc.o
 .debug_macro   0x0000d3d5       0x35 src/ASF/sam/drivers/adc/adc.o
 .debug_macro   0x0000d40a      0x29d src/ASF/sam/drivers/adc/adc.o
 .debug_macro   0x0000d6a7       0x10 src/ASF/sam/drivers/adc/adc.o
 .debug_macro   0x0000d6b7       0x52 src/ASF/sam/drivers/adc/adc.o
 .debug_macro   0x0000d709       0x16 src/ASF/sam/drivers/adc/adc.o
 .debug_macro   0x0000d71f       0x43 src/ASF/sam/drivers/adc/adc.o
 .debug_macro   0x0000d762      0x180 src/ASF/sam/drivers/adc/adc.o
 .debug_macro   0x0000d8e2       0x10 src/ASF/sam/drivers/adc/adc.o
 .debug_macro   0x0000d8f2       0x22 src/ASF/sam/drivers/adc/adc.o
 .debug_macro   0x0000d914       0xbe src/ASF/sam/drivers/adc/adc.o
 .debug_macro   0x0000d9d2       0x16 src/ASF/sam/drivers/adc/adc.o
 .debug_macro   0x0000d9e8      0x197 src/ASF/sam/drivers/adc/adc.o
 .debug_macro   0x0000db7f       0x22 src/ASF/sam/drivers/adc/adc.o
 .debug_macro   0x0000dba1       0x16 src/ASF/sam/drivers/adc/adc.o
 .debug_macro   0x0000dbb7       0x16 src/ASF/sam/drivers/adc/adc.o
 .debug_macro   0x0000dbcd       0x29 src/ASF/sam/drivers/adc/adc.o
 .debug_macro   0x0000dbf6       0x6e src/ASF/sam/drivers/adc/adc.o
 .debug_macro   0x0000dc64       0x3f src/ASF/sam/drivers/adc/adc.o
 .debug_macro   0x0000dca3      0x3ca src/ASF/sam/drivers/adc/adc.o
 .debug_macro   0x0000e06d       0x1c src/ASF/sam/drivers/adc/adc.o
 .debug_macro   0x0000e089      0x522 src/ASF/common/services/clock/sam4s/sysclk.o
 .debug_macro   0x0000e5ab       0x28 src/ASF/common/services/clock/sam4s/sysclk.o
 .debug_macro   0x0000e5d3      0x288 src/ASF/common/services/clock/sam4s/sysclk.o
 .debug_macro   0x0000e85b      0xa49 src/ASF/common/services/clock/sam4s/sysclk.o
 .debug_macro   0x0000f2a4       0x58 src/ASF/common/services/clock/sam4s/sysclk.o
 .debug_macro   0x0000f2fc       0x64 src/ASF/common/services/clock/sam4s/sysclk.o
 .debug_macro   0x0000f360       0x46 src/ASF/common/services/clock/sam4s/sysclk.o
 .debug_macro   0x0000f3a6       0x90 src/ASF/common/services/clock/sam4s/sysclk.o
 .debug_macro   0x0000f436      0x561 src/ASF/sam/boards/sam4s_ek2/init.o
 .debug_macro   0x0000f997       0x22 src/ASF/sam/boards/sam4s_ek2/init.o
 .debug_macro   0x0000f9b9       0x94 src/ASF/sam/boards/sam4s_ek2/init.o
 .debug_macro   0x0000fa4d       0x40 src/ASF/sam/boards/sam4s_ek2/init.o
 .debug_macro   0x0000fa8d       0x82 src/ASF/sam/boards/sam4s_ek2/init.o
 .debug_macro   0x0000fb0f      0x570 src/ASF/sam/components/display/aat31xx/aat31xx.o
 .debug_macro   0x0001007f       0x16 src/ASF/sam/components/display/aat31xx/aat31xx.o
 .debug_macro   0x00010095      0x510 src/ASF/sam/components/display/ili93xx/ili93xx.o
 .debug_macro   0x000105a5       0x10 src/ASF/sam/components/display/ili93xx/ili93xx.o
 .debug_macro   0x000105b5      0x14f src/ASF/sam/components/display/ili93xx/ili93xx.o
 .debug_macro   0x00010704      0x287 src/ASF/sam/components/display/ili93xx/ili93xx.o
 .debug_macro   0x0001098b      0x7ed src/ASF/sam/components/display/ili93xx/ili93xx.o
 .debug_macro   0x00011178      0x4d5 src/ASF/sam/drivers/ebi/smc/smc.o
 .debug_macro   0x0001164d      0x4bd src/ASF/sam/drivers/pio/pio.o
 .debug_macro   0x00011b0a       0x8e src/ASF/sam/drivers/pio/pio.o
 .debug_macro   0x00011b98      0x4c7 src/ASF/sam/drivers/pio/pio_handler.o
 .debug_macro   0x0001205f      0x4bd src/ASF/sam/drivers/pmc/pmc.o
 .debug_macro   0x0001251c       0x52 src/ASF/sam/drivers/pmc/pmc.o
 .debug_macro   0x0001256e      0x316 src/ASF/sam/utils/cmsis/sam4s/source/templates/gcc/startup_sam4s.o
 .debug_macro   0x00012884      0x31e src/ASF/sam/utils/cmsis/sam4s/source/templates/system_sam4s.o
 .debug_macro   0x00012ba2      0x69e src/ili93xx_example.o
 .debug_macro   0x00013240       0x10 src/ili93xx_example.o

.debug_line     0x00000000     0x9aac
 .debug_line    0x00000000      0xe0a src/ASF/sam/drivers/adc/adc.o
 .debug_line    0x00000e0a      0xc60 src/ASF/common/services/clock/sam4s/sysclk.o
 .debug_line    0x00001a6a      0xc4a src/ASF/sam/boards/sam4s_ek2/init.o
 .debug_line    0x000026b4      0xc62 src/ASF/sam/components/display/aat31xx/aat31xx.o
 .debug_line    0x00003316     0x127c src/ASF/sam/components/display/ili93xx/ili93xx.o
 .debug_line    0x00004592      0xadc src/ASF/sam/drivers/ebi/smc/smc.o
 .debug_line    0x0000506e      0xe3a src/ASF/sam/drivers/pio/pio.o
 .debug_line    0x00005ea8      0xb2e src/ASF/sam/drivers/pio/pio_handler.o
 .debug_line    0x000069d6     0x1021 src/ASF/sam/drivers/pmc/pmc.o
 .debug_line    0x000079f7      0x88c src/ASF/sam/utils/cmsis/sam4s/source/templates/gcc/startup_sam4s.o
 .debug_line    0x00008283      0x8b3 src/ASF/sam/utils/cmsis/sam4s/source/templates/system_sam4s.o
 .debug_line    0x00008b36      0xf76 src/ili93xx_example.o

.debug_str      0x00000000    0x58145
 .debug_str     0x00000000    0x4a33e src/ASF/sam/drivers/adc/adc.o
                              0x4a6d5 (size before relaxing)
 .debug_str     0x0004a33e     0x4c17 src/ASF/common/services/clock/sam4s/sysclk.o
                              0x4e86b (size before relaxing)
 .debug_str     0x0004ef55      0xbd1 src/ASF/sam/boards/sam4s_ek2/init.o
                              0x4f1af (size before relaxing)
 .debug_str     0x0004fb26      0x224 src/ASF/sam/components/display/aat31xx/aat31xx.o
                              0x4ed1a (size before relaxing)
 .debug_str     0x0004fd4a     0x65c9 src/ASF/sam/components/display/ili93xx/ili93xx.o
                              0x542c2 (size before relaxing)
 .debug_str     0x00056313      0x190 src/ASF/sam/drivers/ebi/smc/smc.o
                              0x4dde8 (size before relaxing)
 .debug_str     0x000564a3      0x54c src/ASF/sam/drivers/pio/pio.o
                              0x4a81d (size before relaxing)
 .debug_str     0x000569ef      0x40b src/ASF/sam/drivers/pio/pio_handler.o
                              0x4a698 (size before relaxing)
 .debug_str     0x00056dfa      0x6d5 src/ASF/sam/drivers/pmc/pmc.o
                              0x4a66c (size before relaxing)
 .debug_str     0x000574cf      0x40e src/ASF/sam/utils/cmsis/sam4s/source/templates/gcc/startup_sam4s.o
                              0x3b478 (size before relaxing)
 .debug_str     0x000578dd       0xf1 src/ASF/sam/utils/cmsis/sam4s/source/templates/system_sam4s.o
                              0x3b241 (size before relaxing)
 .debug_str     0x000579ce      0x777 src/ili93xx_example.o
                              0x55ec5 (size before relaxing)

.debug_frame    0x00000000     0x285c
 .debug_frame   0x00000000      0x740 src/ASF/sam/drivers/adc/adc.o
 .debug_frame   0x00000740      0x200 src/ASF/common/services/clock/sam4s/sysclk.o
 .debug_frame   0x00000940       0x6c src/ASF/sam/boards/sam4s_ek2/init.o
 .debug_frame   0x000009ac       0x80 src/ASF/sam/components/display/aat31xx/aat31xx.o
 .debug_frame   0x00000a2c      0x720 src/ASF/sam/components/display/ili93xx/ili93xx.o
 .debug_frame   0x0000114c      0x128 src/ASF/sam/drivers/ebi/smc/smc.o
 .debug_frame   0x00001274      0x7c0 src/ASF/sam/drivers/pio/pio.o
 .debug_frame   0x00001a34      0x1c0 src/ASF/sam/drivers/pio/pio_handler.o
 .debug_frame   0x00001bf4      0x918 src/ASF/sam/drivers/pmc/pmc.o
 .debug_frame   0x0000250c       0x48 src/ASF/sam/utils/cmsis/sam4s/source/templates/gcc/startup_sam4s.o
 .debug_frame   0x00002554       0x78 src/ASF/sam/utils/cmsis/sam4s/source/templates/system_sam4s.o
 .debug_frame   0x000025cc      0x18c src/ili93xx_example.o
 .debug_frame   0x00002758       0x2c c:/program files (x86)/atmel/studio/7.0/toolchain/arm/arm-gnu-toolchain/bin/../lib/gcc/arm-none-eabi/4.9.3/../../../../arm-none-eabi/lib/armv7e-m\libc.a(lib_a-init.o)
 .debug_frame   0x00002784       0x50 c:/program files (x86)/atmel/studio/7.0/toolchain/arm/arm-gnu-toolchain/bin/../lib/gcc/arm-none-eabi/4.9.3/../../../../arm-none-eabi/lib/armv7e-m\libc.a(lib_a-__call_atexit.o)
 .debug_frame   0x000027d4       0x20 c:/program files (x86)/atmel/studio/7.0/toolchain/arm/arm-gnu-toolchain/bin/../lib/gcc/arm-none-eabi/4.9.3/../../../../arm-none-eabi/lib/armv7e-m\libc.a(lib_a-atexit.o)
 .debug_frame   0x000027f4       0x34 c:/program files (x86)/atmel/studio/7.0/toolchain/arm/arm-gnu-toolchain/bin/../lib/gcc/arm-none-eabi/4.9.3/../../../../arm-none-eabi/lib/armv7e-m\libc.a(lib_a-fini.o)
 .debug_frame   0x00002828       0x34 c:/program files (x86)/atmel/studio/7.0/toolchain/arm/arm-gnu-toolchain/bin/../lib/gcc/arm-none-eabi/4.9.3/../../../../arm-none-eabi/lib/armv7e-m\libc.a(lib_a-__atexit.o)

Cross Reference Table

Symbol                                            File
ACC_Handler                                       src/ASF/sam/utils/cmsis/sam4s/source/templates/gcc/startup_sam4s.o
ADC_Handler                                       src/ili93xx_example.o
                                                  src/ASF/sam/utils/cmsis/sam4s/source/templates/gcc/startup_sam4s.o
BusFault_Handler                                  src/ASF/sam/utils/cmsis/sam4s/source/templates/gcc/startup_sam4s.o
CRCCU_Handler                                     src/ASF/sam/utils/cmsis/sam4s/source/templates/gcc/startup_sam4s.o
DACC_Handler                                      src/ASF/sam/utils/cmsis/sam4s/source/templates/gcc/startup_sam4s.o
DebugMon_Handler                                  src/ASF/sam/utils/cmsis/sam4s/source/templates/gcc/startup_sam4s.o
Dummy_Handler                                     src/ASF/sam/utils/cmsis/sam4s/source/templates/gcc/startup_sam4s.o
EFC0_Handler                                      src/ASF/sam/utils/cmsis/sam4s/source/templates/gcc/startup_sam4s.o
EFC1_Handler                                      src/ASF/sam/utils/cmsis/sam4s/source/templates/gcc/startup_sam4s.o
HSMCI_Handler                                     src/ASF/sam/utils/cmsis/sam4s/source/templates/gcc/startup_sam4s.o
HardFault_Handler                                 src/ASF/sam/utils/cmsis/sam4s/source/templates/gcc/startup_sam4s.o
LED_Off                                           src/ASF/sam/boards/sam4s_ek2/led.o
LED_On                                            src/ASF/sam/boards/sam4s_ek2/led.o
MemManage_Handler                                 src/ASF/sam/utils/cmsis/sam4s/source/templates/gcc/startup_sam4s.o
NMI_Handler                                       src/ASF/sam/utils/cmsis/sam4s/source/templates/gcc/startup_sam4s.o
PIOA_Handler                                      src/ASF/sam/drivers/pio/pio_handler.o
PIOB_Handler                                      src/ASF/sam/drivers/pio/pio_handler.o
PIOC_Handler                                      src/ASF/sam/drivers/pio/pio_handler.o
PMC_Handler                                       src/ASF/sam/utils/cmsis/sam4s/source/templates/gcc/startup_sam4s.o
PWM_Handler                                       src/ASF/sam/utils/cmsis/sam4s/source/templates/gcc/startup_sam4s.o
PendSV_Handler                                    src/ASF/sam/utils/cmsis/sam4s/source/templates/gcc/startup_sam4s.o
RSTC_Handler                                      src/ASF/sam/utils/cmsis/sam4s/source/templates/gcc/startup_sam4s.o
RTC_Handler                                       src/ASF/sam/utils/cmsis/sam4s/source/templates/gcc/startup_sam4s.o
RTT_Handler                                       src/ASF/sam/utils/cmsis/sam4s/source/templates/gcc/startup_sam4s.o
Reset_Handler                                     src/ASF/sam/utils/cmsis/sam4s/source/templates/gcc/startup_sam4s.o
SPI_Handler                                       src/ASF/sam/utils/cmsis/sam4s/source/templates/gcc/startup_sam4s.o
SSC_Handler                                       src/ASF/sam/utils/cmsis/sam4s/source/templates/gcc/startup_sam4s.o
SUPC_Handler                                      src/ASF/sam/utils/cmsis/sam4s/source/templates/gcc/startup_sam4s.o
SVC_Handler                                       src/ASF/sam/utils/cmsis/sam4s/source/templates/gcc/startup_sam4s.o
SysTick_Handler                                   src/ASF/sam/utils/cmsis/sam4s/source/templates/gcc/startup_sam4s.o
SystemCoreClock                                   src/ASF/sam/utils/cmsis/sam4s/source/templates/system_sam4s.o
SystemCoreClockUpdate                             src/ASF/sam/utils/cmsis/sam4s/source/templates/system_sam4s.o
                                                  src/ASF/common/services/clock/sam4s/sysclk.o
SystemInit                                        src/ASF/sam/utils/cmsis/sam4s/source/templates/system_sam4s.o
TC0_Handler                                       src/ASF/sam/utils/cmsis/sam4s/source/templates/gcc/startup_sam4s.o
TC1_Handler                                       src/ASF/sam/utils/cmsis/sam4s/source/templates/gcc/startup_sam4s.o
TC2_Handler                                       src/ASF/sam/utils/cmsis/sam4s/source/templates/gcc/startup_sam4s.o
TC3_Handler                                       src/ASF/sam/utils/cmsis/sam4s/source/templates/gcc/startup_sam4s.o
TC4_Handler                                       src/ASF/sam/utils/cmsis/sam4s/source/templates/gcc/startup_sam4s.o
TC5_Handler                                       src/ASF/sam/utils/cmsis/sam4s/source/templates/gcc/startup_sam4s.o
TWI0_Handler                                      src/ASF/sam/utils/cmsis/sam4s/source/templates/gcc/startup_sam4s.o
TWI1_Handler                                      src/ASF/sam/utils/cmsis/sam4s/source/templates/gcc/startup_sam4s.o
UART0_Handler                                     src/ASF/sam/utils/cmsis/sam4s/source/templates/gcc/startup_sam4s.o
UART1_Handler                                     src/ASF/sam/utils/cmsis/sam4s/source/templates/gcc/startup_sam4s.o
UDP_Handler                                       src/ASF/sam/utils/cmsis/sam4s/source/templates/gcc/startup_sam4s.o
USART0_Handler                                    src/ASF/sam/utils/cmsis/sam4s/source/templates/gcc/startup_sam4s.o
USART1_Handler                                    src/ASF/sam/utils/cmsis/sam4s/source/templates/gcc/startup_sam4s.o
UsageFault_Handler                                src/ASF/sam/utils/cmsis/sam4s/source/templates/gcc/startup_sam4s.o
WDT_Handler                                       src/ASF/sam/utils/cmsis/sam4s/source/templates/gcc/startup_sam4s.o
_Jv_RegisterClasses                               c:/program files (x86)/atmel/studio/7.0/toolchain/arm/arm-gnu-toolchain/bin/../lib/gcc/arm-none-eabi/4.9.3/armv7e-m/crtbegin.o
_PathLocale                                       c:/program files (x86)/atmel/studio/7.0/toolchain/arm/arm-gnu-toolchain/bin/../lib/gcc/arm-none-eabi/4.9.3/../../../../arm-none-eabi/lib/armv7e-m\libc.a(lib_a-locale.o)
__aeabi_idiv0                                     c:/program files (x86)/atmel/studio/7.0/toolchain/arm/arm-gnu-toolchain/bin/../lib/gcc/arm-none-eabi/4.9.3/armv7e-m\libgcc.a(_dvmd_tls.o)
__aeabi_ldiv0                                     c:/program files (x86)/atmel/studio/7.0/toolchain/arm/arm-gnu-toolchain/bin/../lib/gcc/arm-none-eabi/4.9.3/armv7e-m\libgcc.a(_dvmd_tls.o)
                                                  c:/program files (x86)/atmel/studio/7.0/toolchain/arm/arm-gnu-toolchain/bin/../lib/gcc/arm-none-eabi/4.9.3/armv7e-m\libgcc.a(_aeabi_uldivmod.o)
__aeabi_uldivmod                                  c:/program files (x86)/atmel/studio/7.0/toolchain/arm/arm-gnu-toolchain/bin/../lib/gcc/arm-none-eabi/4.9.3/armv7e-m\libgcc.a(_aeabi_uldivmod.o)
                                                  c:/program files (x86)/atmel/studio/7.0/toolchain/arm/arm-gnu-toolchain/bin/../lib/gcc/arm-none-eabi/4.9.3/../../../../arm-none-eabi/lib/armv7e-m\libc.a(lib_a-vfiprintf.o)
__ascii_wctomb                                    c:/program files (x86)/atmel/studio/7.0/toolchain/arm/arm-gnu-toolchain/bin/../lib/gcc/arm-none-eabi/4.9.3/../../../../arm-none-eabi/lib/armv7e-m\libc.a(lib_a-wctomb_r.o)
__bss_end__                                       c:/program files (x86)/atmel/studio/7.0/toolchain/arm/arm-gnu-toolchain/bin/../lib/gcc/arm-none-eabi/4.9.3/../../../../arm-none-eabi/lib/armv7e-m/crt0.o
__bss_start__                                     c:/program files (x86)/atmel/studio/7.0/toolchain/arm/arm-gnu-toolchain/bin/../lib/gcc/arm-none-eabi/4.9.3/../../../../arm-none-eabi/lib/armv7e-m/crt0.o
__call_exitprocs                                  c:/program files (x86)/atmel/studio/7.0/toolchain/arm/arm-gnu-toolchain/bin/../lib/gcc/arm-none-eabi/4.9.3/../../../../arm-none-eabi/lib/armv7e-m\libc.a(lib_a-__call_atexit.o)
                                                  c:/program files (x86)/atmel/studio/7.0/toolchain/arm/arm-gnu-toolchain/bin/../lib/gcc/arm-none-eabi/4.9.3/../../../../arm-none-eabi/lib/armv7e-m\libc.a(lib_a-exit.o)
__deregister_frame_info                           c:/program files (x86)/atmel/studio/7.0/toolchain/arm/arm-gnu-toolchain/bin/../lib/gcc/arm-none-eabi/4.9.3/armv7e-m/crtbegin.o
__divdi3                                          c:/program files (x86)/atmel/studio/7.0/toolchain/arm/arm-gnu-toolchain/bin/../lib/gcc/arm-none-eabi/4.9.3/armv7e-m\libgcc.a(_divdi3.o)
                                                  c:/program files (x86)/atmel/studio/7.0/toolchain/arm/arm-gnu-toolchain/bin/../lib/gcc/arm-none-eabi/4.9.3/armv7e-m\libgcc.a(bpabi.o)
__dso_handle                                      c:/program files (x86)/atmel/studio/7.0/toolchain/arm/arm-gnu-toolchain/bin/../lib/gcc/arm-none-eabi/4.9.3/armv7e-m/crtbegin.o
__fini_array_end                                  c:/program files (x86)/atmel/studio/7.0/toolchain/arm/arm-gnu-toolchain/bin/../lib/gcc/arm-none-eabi/4.9.3/../../../../arm-none-eabi/lib/armv7e-m\libc.a(lib_a-fini.o)
__fini_array_start                                c:/program files (x86)/atmel/studio/7.0/toolchain/arm/arm-gnu-toolchain/bin/../lib/gcc/arm-none-eabi/4.9.3/../../../../arm-none-eabi/lib/armv7e-m\libc.a(lib_a-fini.o)
__fp_lock_all                                     c:/program files (x86)/atmel/studio/7.0/toolchain/arm/arm-gnu-toolchain/bin/../lib/gcc/arm-none-eabi/4.9.3/../../../../arm-none-eabi/lib/armv7e-m\libc.a(lib_a-findfp.o)
__fp_unlock_all                                   c:/program files (x86)/atmel/studio/7.0/toolchain/arm/arm-gnu-toolchain/bin/../lib/gcc/arm-none-eabi/4.9.3/../../../../arm-none-eabi/lib/armv7e-m\libc.a(lib_a-findfp.o)
__fputwc                                          c:/program files (x86)/atmel/studio/7.0/toolchain/arm/arm-gnu-toolchain/bin/../lib/gcc/arm-none-eabi/4.9.3/../../../../arm-none-eabi/lib/armv7e-m\libc.a(lib_a-fputwc.o)
__gnu_ldivmod_helper                              c:/program files (x86)/atmel/studio/7.0/toolchain/arm/arm-gnu-toolchain/bin/../lib/gcc/arm-none-eabi/4.9.3/armv7e-m\libgcc.a(bpabi.o)
__gnu_uldivmod_helper                             c:/program files (x86)/atmel/studio/7.0/toolchain/arm/arm-gnu-toolchain/bin/../lib/gcc/arm-none-eabi/4.9.3/armv7e-m\libgcc.a(bpabi.o)
                                                  c:/program files (x86)/atmel/studio/7.0/toolchain/arm/arm-gnu-toolchain/bin/../lib/gcc/arm-none-eabi/4.9.3/armv7e-m\libgcc.a(_aeabi_uldivmod.o)
__init_array_end                                  c:/program files (x86)/atmel/studio/7.0/toolchain/arm/arm-gnu-toolchain/bin/../lib/gcc/arm-none-eabi/4.9.3/../../../../arm-none-eabi/lib/armv7e-m\libc.a(lib_a-init.o)
__init_array_start                                c:/program files (x86)/atmel/studio/7.0/toolchain/arm/arm-gnu-toolchain/bin/../lib/gcc/arm-none-eabi/4.9.3/../../../../arm-none-eabi/lib/armv7e-m\libc.a(lib_a-init.o)
__libc_fini                                       c:/program files (x86)/atmel/studio/7.0/toolchain/arm/arm-gnu-toolchain/bin/../lib/gcc/arm-none-eabi/4.9.3/../../../../arm-none-eabi/lib/armv7e-m\libc.a(lib_a-__call_atexit.o)
__libc_fini_array                                 c:/program files (x86)/atmel/studio/7.0/toolchain/arm/arm-gnu-toolchain/bin/../lib/gcc/arm-none-eabi/4.9.3/../../../../arm-none-eabi/lib/armv7e-m\libc.a(lib_a-fini.o)
                                                  c:/program files (x86)/atmel/studio/7.0/toolchain/arm/arm-gnu-toolchain/bin/../lib/gcc/arm-none-eabi/4.9.3/../../../../arm-none-eabi/lib/armv7e-m\libc.a(lib_a-__call_atexit.o)
                                                  c:/program files (x86)/atmel/studio/7.0/toolchain/arm/arm-gnu-toolchain/bin/../lib/gcc/arm-none-eabi/4.9.3/../../../../arm-none-eabi/lib/armv7e-m/crt0.o
__libc_init_array                                 c:/program files (x86)/atmel/studio/7.0/toolchain/arm/arm-gnu-toolchain/bin/../lib/gcc/arm-none-eabi/4.9.3/../../../../arm-none-eabi/lib/armv7e-m\libc.a(lib_a-init.o)
                                                  src/ASF/sam/utils/cmsis/sam4s/source/templates/gcc/startup_sam4s.o
                                                  c:/program files (x86)/atmel/studio/7.0/toolchain/arm/arm-gnu-toolchain/bin/../lib/gcc/arm-none-eabi/4.9.3/../../../../arm-none-eabi/lib/armv7e-m/crt0.o
__locale_charset                                  c:/program files (x86)/atmel/studio/7.0/toolchain/arm/arm-gnu-toolchain/bin/../lib/gcc/arm-none-eabi/4.9.3/../../../../arm-none-eabi/lib/armv7e-m\libc.a(lib_a-locale.o)
                                                  c:/program files (x86)/atmel/studio/7.0/toolchain/arm/arm-gnu-toolchain/bin/../lib/gcc/arm-none-eabi/4.9.3/../../../../arm-none-eabi/lib/armv7e-m\libc.a(lib_a-wctomb_r.o)
                                                  c:/program files (x86)/atmel/studio/7.0/toolchain/arm/arm-gnu-toolchain/bin/../lib/gcc/arm-none-eabi/4.9.3/../../../../arm-none-eabi/lib/armv7e-m\libc.a(lib_a-wcrtomb.o)
__locale_cjk_lang                                 c:/program files (x86)/atmel/studio/7.0/toolchain/arm/arm-gnu-toolchain/bin/../lib/gcc/arm-none-eabi/4.9.3/../../../../arm-none-eabi/lib/armv7e-m\libc.a(lib_a-locale.o)
__locale_mb_cur_max                               c:/program files (x86)/atmel/studio/7.0/toolchain/arm/arm-gnu-toolchain/bin/../lib/gcc/arm-none-eabi/4.9.3/../../../../arm-none-eabi/lib/armv7e-m\libc.a(lib_a-locale.o)
                                                  c:/program files (x86)/atmel/studio/7.0/toolchain/arm/arm-gnu-toolchain/bin/../lib/gcc/arm-none-eabi/4.9.3/../../../../arm-none-eabi/lib/armv7e-m\libc.a(lib_a-fputwc.o)
__locale_msgcharset                               c:/program files (x86)/atmel/studio/7.0/toolchain/arm/arm-gnu-toolchain/bin/../lib/gcc/arm-none-eabi/4.9.3/../../../../arm-none-eabi/lib/armv7e-m\libc.a(lib_a-locale.o)
__malloc_av_                                      c:/program files (x86)/atmel/studio/7.0/toolchain/arm/arm-gnu-toolchain/bin/../lib/gcc/arm-none-eabi/4.9.3/../../../../arm-none-eabi/lib/armv7e-m\libc.a(lib_a-mallocr.o)
                                                  c:/program files (x86)/atmel/studio/7.0/toolchain/arm/arm-gnu-toolchain/bin/../lib/gcc/arm-none-eabi/4.9.3/../../../../arm-none-eabi/lib/armv7e-m\libc.a(lib_a-reallocr.o)
                                                  c:/program files (x86)/atmel/studio/7.0/toolchain/arm/arm-gnu-toolchain/bin/../lib/gcc/arm-none-eabi/4.9.3/../../../../arm-none-eabi/lib/armv7e-m\libc.a(lib_a-freer.o)
__malloc_current_mallinfo                         c:/program files (x86)/atmel/studio/7.0/toolchain/arm/arm-gnu-toolchain/bin/../lib/gcc/arm-none-eabi/4.9.3/../../../../arm-none-eabi/lib/armv7e-m\libc.a(lib_a-mallocr.o)
                                                  c:/program files (x86)/atmel/studio/7.0/toolchain/arm/arm-gnu-toolchain/bin/../lib/gcc/arm-none-eabi/4.9.3/../../../../arm-none-eabi/lib/armv7e-m\libc.a(lib_a-freer.o)
__malloc_lock                                     c:/program files (x86)/atmel/studio/7.0/toolchain/arm/arm-gnu-toolchain/bin/../lib/gcc/arm-none-eabi/4.9.3/../../../../arm-none-eabi/lib/armv7e-m\libc.a(lib_a-mlock.o)
                                                  c:/program files (x86)/atmel/studio/7.0/toolchain/arm/arm-gnu-toolchain/bin/../lib/gcc/arm-none-eabi/4.9.3/../../../../arm-none-eabi/lib/armv7e-m\libc.a(lib_a-reallocr.o)
                                                  c:/program files (x86)/atmel/studio/7.0/toolchain/arm/arm-gnu-toolchain/bin/../lib/gcc/arm-none-eabi/4.9.3/../../../../arm-none-eabi/lib/armv7e-m\libc.a(lib_a-mallocr.o)
                                                  c:/program files (x86)/atmel/studio/7.0/toolchain/arm/arm-gnu-toolchain/bin/../lib/gcc/arm-none-eabi/4.9.3/../../../../arm-none-eabi/lib/armv7e-m\libc.a(lib_a-freer.o)
__malloc_max_sbrked_mem                           c:/program files (x86)/atmel/studio/7.0/toolchain/arm/arm-gnu-toolchain/bin/../lib/gcc/arm-none-eabi/4.9.3/../../../../arm-none-eabi/lib/armv7e-m\libc.a(lib_a-mallocr.o)
__malloc_max_total_mem                            c:/program files (x86)/atmel/studio/7.0/toolchain/arm/arm-gnu-toolchain/bin/../lib/gcc/arm-none-eabi/4.9.3/../../../../arm-none-eabi/lib/armv7e-m\libc.a(lib_a-mallocr.o)
__malloc_sbrk_base                                c:/program files (x86)/atmel/studio/7.0/toolchain/arm/arm-gnu-toolchain/bin/../lib/gcc/arm-none-eabi/4.9.3/../../../../arm-none-eabi/lib/armv7e-m\libc.a(lib_a-mallocr.o)
                                                  c:/program files (x86)/atmel/studio/7.0/toolchain/arm/arm-gnu-toolchain/bin/../lib/gcc/arm-none-eabi/4.9.3/../../../../arm-none-eabi/lib/armv7e-m\libc.a(lib_a-freer.o)
__malloc_top_pad                                  c:/program files (x86)/atmel/studio/7.0/toolchain/arm/arm-gnu-toolchain/bin/../lib/gcc/arm-none-eabi/4.9.3/../../../../arm-none-eabi/lib/armv7e-m\libc.a(lib_a-mallocr.o)
                                                  c:/program files (x86)/atmel/studio/7.0/toolchain/arm/arm-gnu-toolchain/bin/../lib/gcc/arm-none-eabi/4.9.3/../../../../arm-none-eabi/lib/armv7e-m\libc.a(lib_a-freer.o)
__malloc_trim_threshold                           c:/program files (x86)/atmel/studio/7.0/toolchain/arm/arm-gnu-toolchain/bin/../lib/gcc/arm-none-eabi/4.9.3/../../../../arm-none-eabi/lib/armv7e-m\libc.a(lib_a-mallocr.o)
                                                  c:/program files (x86)/atmel/studio/7.0/toolchain/arm/arm-gnu-toolchain/bin/../lib/gcc/arm-none-eabi/4.9.3/../../../../arm-none-eabi/lib/armv7e-m\libc.a(lib_a-freer.o)
__malloc_unlock                                   c:/program files (x86)/atmel/studio/7.0/toolchain/arm/arm-gnu-toolchain/bin/../lib/gcc/arm-none-eabi/4.9.3/../../../../arm-none-eabi/lib/armv7e-m\libc.a(lib_a-mlock.o)
                                                  c:/program files (x86)/atmel/studio/7.0/toolchain/arm/arm-gnu-toolchain/bin/../lib/gcc/arm-none-eabi/4.9.3/../../../../arm-none-eabi/lib/armv7e-m\libc.a(lib_a-reallocr.o)
                                                  c:/program files (x86)/atmel/studio/7.0/toolchain/arm/arm-gnu-toolchain/bin/../lib/gcc/arm-none-eabi/4.9.3/../../../../arm-none-eabi/lib/armv7e-m\libc.a(lib_a-mallocr.o)
                                                  c:/program files (x86)/atmel/studio/7.0/toolchain/arm/arm-gnu-toolchain/bin/../lib/gcc/arm-none-eabi/4.9.3/../../../../arm-none-eabi/lib/armv7e-m\libc.a(lib_a-freer.o)
__mb_cur_max                                      c:/program files (x86)/atmel/studio/7.0/toolchain/arm/arm-gnu-toolchain/bin/../lib/gcc/arm-none-eabi/4.9.3/../../../../arm-none-eabi/lib/armv7e-m\libc.a(lib_a-locale.o)
__mlocale_changed                                 c:/program files (x86)/atmel/studio/7.0/toolchain/arm/arm-gnu-toolchain/bin/../lib/gcc/arm-none-eabi/4.9.3/../../../../arm-none-eabi/lib/armv7e-m\libc.a(lib_a-locale.o)
__nlocale_changed                                 c:/program files (x86)/atmel/studio/7.0/toolchain/arm/arm-gnu-toolchain/bin/../lib/gcc/arm-none-eabi/4.9.3/../../../../arm-none-eabi/lib/armv7e-m\libc.a(lib_a-locale.o)
__preinit_array_end                               c:/program files (x86)/atmel/studio/7.0/toolchain/arm/arm-gnu-toolchain/bin/../lib/gcc/arm-none-eabi/4.9.3/../../../../arm-none-eabi/lib/armv7e-m\libc.a(lib_a-init.o)
__preinit_array_start                             c:/program files (x86)/atmel/studio/7.0/toolchain/arm/arm-gnu-toolchain/bin/../lib/gcc/arm-none-eabi/4.9.3/../../../../arm-none-eabi/lib/armv7e-m\libc.a(lib_a-init.o)
__ram_end__                                       src/ASF/sam/utils/syscalls/gcc/syscalls.o
__register_exitproc                               c:/program files (x86)/atmel/studio/7.0/toolchain/arm/arm-gnu-toolchain/bin/../lib/gcc/arm-none-eabi/4.9.3/../../../../arm-none-eabi/lib/armv7e-m\libc.a(lib_a-__atexit.o)
                                                  c:/program files (x86)/atmel/studio/7.0/toolchain/arm/arm-gnu-toolchain/bin/../lib/gcc/arm-none-eabi/4.9.3/../../../../arm-none-eabi/lib/armv7e-m\libc.a(lib_a-atexit.o)
__register_frame_info                             c:/program files (x86)/atmel/studio/7.0/toolchain/arm/arm-gnu-toolchain/bin/../lib/gcc/arm-none-eabi/4.9.3/armv7e-m/crtbegin.o
__sclose                                          c:/program files (x86)/atmel/studio/7.0/toolchain/arm/arm-gnu-toolchain/bin/../lib/gcc/arm-none-eabi/4.9.3/../../../../arm-none-eabi/lib/armv7e-m\libc.a(lib_a-stdio.o)
                                                  c:/program files (x86)/atmel/studio/7.0/toolchain/arm/arm-gnu-toolchain/bin/../lib/gcc/arm-none-eabi/4.9.3/../../../../arm-none-eabi/lib/armv7e-m\libc.a(lib_a-findfp.o)
__seofread                                        c:/program files (x86)/atmel/studio/7.0/toolchain/arm/arm-gnu-toolchain/bin/../lib/gcc/arm-none-eabi/4.9.3/../../../../arm-none-eabi/lib/armv7e-m\libc.a(lib_a-stdio.o)
__sflush_r                                        c:/program files (x86)/atmel/studio/7.0/toolchain/arm/arm-gnu-toolchain/bin/../lib/gcc/arm-none-eabi/4.9.3/../../../../arm-none-eabi/lib/armv7e-m\libc.a(lib_a-fflush.o)
                                                  c:/program files (x86)/atmel/studio/7.0/toolchain/arm/arm-gnu-toolchain/bin/../lib/gcc/arm-none-eabi/4.9.3/../../../../arm-none-eabi/lib/armv7e-m\libc.a(lib_a-fclose.o)
__sfmoreglue                                      c:/program files (x86)/atmel/studio/7.0/toolchain/arm/arm-gnu-toolchain/bin/../lib/gcc/arm-none-eabi/4.9.3/../../../../arm-none-eabi/lib/armv7e-m\libc.a(lib_a-findfp.o)
__sfp                                             c:/program files (x86)/atmel/studio/7.0/toolchain/arm/arm-gnu-toolchain/bin/../lib/gcc/arm-none-eabi/4.9.3/../../../../arm-none-eabi/lib/armv7e-m\libc.a(lib_a-findfp.o)
__sfp_lock_acquire                                c:/program files (x86)/atmel/studio/7.0/toolchain/arm/arm-gnu-toolchain/bin/../lib/gcc/arm-none-eabi/4.9.3/../../../../arm-none-eabi/lib/armv7e-m\libc.a(lib_a-findfp.o)
                                                  c:/program files (x86)/atmel/studio/7.0/toolchain/arm/arm-gnu-toolchain/bin/../lib/gcc/arm-none-eabi/4.9.3/../../../../arm-none-eabi/lib/armv7e-m\libc.a(lib_a-fclose.o)
__sfp_lock_release                                c:/program files (x86)/atmel/studio/7.0/toolchain/arm/arm-gnu-toolchain/bin/../lib/gcc/arm-none-eabi/4.9.3/../../../../arm-none-eabi/lib/armv7e-m\libc.a(lib_a-findfp.o)
                                                  c:/program files (x86)/atmel/studio/7.0/toolchain/arm/arm-gnu-toolchain/bin/../lib/gcc/arm-none-eabi/4.9.3/../../../../arm-none-eabi/lib/armv7e-m\libc.a(lib_a-fclose.o)
__sfvwrite_r                                      c:/program files (x86)/atmel/studio/7.0/toolchain/arm/arm-gnu-toolchain/bin/../lib/gcc/arm-none-eabi/4.9.3/../../../../arm-none-eabi/lib/armv7e-m\libc.a(lib_a-fvwrite.o)
                                                  c:/program files (x86)/atmel/studio/7.0/toolchain/arm/arm-gnu-toolchain/bin/../lib/gcc/arm-none-eabi/4.9.3/../../../../arm-none-eabi/lib/armv7e-m\libc.a(lib_a-vfiprintf.o)
                                                  c:/program files (x86)/atmel/studio/7.0/toolchain/arm/arm-gnu-toolchain/bin/../lib/gcc/arm-none-eabi/4.9.3/../../../../arm-none-eabi/lib/armv7e-m\libc.a(lib_a-puts.o)
__sinit                                           c:/program files (x86)/atmel/studio/7.0/toolchain/arm/arm-gnu-toolchain/bin/../lib/gcc/arm-none-eabi/4.9.3/../../../../arm-none-eabi/lib/armv7e-m\libc.a(lib_a-findfp.o)
                                                  c:/program files (x86)/atmel/studio/7.0/toolchain/arm/arm-gnu-toolchain/bin/../lib/gcc/arm-none-eabi/4.9.3/../../../../arm-none-eabi/lib/armv7e-m\libc.a(lib_a-fclose.o)
                                                  c:/program files (x86)/atmel/studio/7.0/toolchain/arm/arm-gnu-toolchain/bin/../lib/gcc/arm-none-eabi/4.9.3/../../../../arm-none-eabi/lib/armv7e-m\libc.a(lib_a-wbuf.o)
                                                  c:/program files (x86)/atmel/studio/7.0/toolchain/arm/arm-gnu-toolchain/bin/../lib/gcc/arm-none-eabi/4.9.3/../../../../arm-none-eabi/lib/armv7e-m\libc.a(lib_a-fputwc.o)
                                                  c:/program files (x86)/atmel/studio/7.0/toolchain/arm/arm-gnu-toolchain/bin/../lib/gcc/arm-none-eabi/4.9.3/../../../../arm-none-eabi/lib/armv7e-m\libc.a(lib_a-fflush.o)
                                                  c:/program files (x86)/atmel/studio/7.0/toolchain/arm/arm-gnu-toolchain/bin/../lib/gcc/arm-none-eabi/4.9.3/../../../../arm-none-eabi/lib/armv7e-m\libc.a(lib_a-wsetup.o)
                                                  c:/program files (x86)/atmel/studio/7.0/toolchain/arm/arm-gnu-toolchain/bin/../lib/gcc/arm-none-eabi/4.9.3/../../../../arm-none-eabi/lib/armv7e-m\libc.a(lib_a-vfiprintf.o)
__sinit_lock_acquire                              c:/program files (x86)/atmel/studio/7.0/toolchain/arm/arm-gnu-toolchain/bin/../lib/gcc/arm-none-eabi/4.9.3/../../../../arm-none-eabi/lib/armv7e-m\libc.a(lib_a-findfp.o)
__sinit_lock_release                              c:/program files (x86)/atmel/studio/7.0/toolchain/arm/arm-gnu-toolchain/bin/../lib/gcc/arm-none-eabi/4.9.3/../../../../arm-none-eabi/lib/armv7e-m\libc.a(lib_a-findfp.o)
__smakebuf_r                                      c:/program files (x86)/atmel/studio/7.0/toolchain/arm/arm-gnu-toolchain/bin/../lib/gcc/arm-none-eabi/4.9.3/../../../../arm-none-eabi/lib/armv7e-m\libc.a(lib_a-makebuf.o)
                                                  c:/program files (x86)/atmel/studio/7.0/toolchain/arm/arm-gnu-toolchain/bin/../lib/gcc/arm-none-eabi/4.9.3/../../../../arm-none-eabi/lib/armv7e-m\libc.a(lib_a-wsetup.o)
__sprint_r                                        c:/program files (x86)/atmel/studio/7.0/toolchain/arm/arm-gnu-toolchain/bin/../lib/gcc/arm-none-eabi/4.9.3/../../../../arm-none-eabi/lib/armv7e-m\libc.a(lib_a-vfiprintf.o)
__sread                                           c:/program files (x86)/atmel/studio/7.0/toolchain/arm/arm-gnu-toolchain/bin/../lib/gcc/arm-none-eabi/4.9.3/../../../../arm-none-eabi/lib/armv7e-m\libc.a(lib_a-stdio.o)
                                                  c:/program files (x86)/atmel/studio/7.0/toolchain/arm/arm-gnu-toolchain/bin/../lib/gcc/arm-none-eabi/4.9.3/../../../../arm-none-eabi/lib/armv7e-m\libc.a(lib_a-findfp.o)
__sseek                                           c:/program files (x86)/atmel/studio/7.0/toolchain/arm/arm-gnu-toolchain/bin/../lib/gcc/arm-none-eabi/4.9.3/../../../../arm-none-eabi/lib/armv7e-m\libc.a(lib_a-stdio.o)
                                                  c:/program files (x86)/atmel/studio/7.0/toolchain/arm/arm-gnu-toolchain/bin/../lib/gcc/arm-none-eabi/4.9.3/../../../../arm-none-eabi/lib/armv7e-m\libc.a(lib_a-makebuf.o)
                                                  c:/program files (x86)/atmel/studio/7.0/toolchain/arm/arm-gnu-toolchain/bin/../lib/gcc/arm-none-eabi/4.9.3/../../../../arm-none-eabi/lib/armv7e-m\libc.a(lib_a-findfp.o)
__stack                                           c:/program files (x86)/atmel/studio/7.0/toolchain/arm/arm-gnu-toolchain/bin/../lib/gcc/arm-none-eabi/4.9.3/../../../../arm-none-eabi/lib/armv7e-m/crt0.o
__swbuf                                           c:/program files (x86)/atmel/studio/7.0/toolchain/arm/arm-gnu-toolchain/bin/../lib/gcc/arm-none-eabi/4.9.3/../../../../arm-none-eabi/lib/armv7e-m\libc.a(lib_a-wbuf.o)
__swbuf_r                                         c:/program files (x86)/atmel/studio/7.0/toolchain/arm/arm-gnu-toolchain/bin/../lib/gcc/arm-none-eabi/4.9.3/../../../../arm-none-eabi/lib/armv7e-m\libc.a(lib_a-wbuf.o)
                                                  c:/program files (x86)/atmel/studio/7.0/toolchain/arm/arm-gnu-toolchain/bin/../lib/gcc/arm-none-eabi/4.9.3/../../../../arm-none-eabi/lib/armv7e-m\libc.a(lib_a-fputwc.o)
__swrite                                          c:/program files (x86)/atmel/studio/7.0/toolchain/arm/arm-gnu-toolchain/bin/../lib/gcc/arm-none-eabi/4.9.3/../../../../arm-none-eabi/lib/armv7e-m\libc.a(lib_a-stdio.o)
                                                  c:/program files (x86)/atmel/studio/7.0/toolchain/arm/arm-gnu-toolchain/bin/../lib/gcc/arm-none-eabi/4.9.3/../../../../arm-none-eabi/lib/armv7e-m\libc.a(lib_a-findfp.o)
__swsetup_r                                       c:/program files (x86)/atmel/studio/7.0/toolchain/arm/arm-gnu-toolchain/bin/../lib/gcc/arm-none-eabi/4.9.3/../../../../arm-none-eabi/lib/armv7e-m\libc.a(lib_a-wsetup.o)
                                                  c:/program files (x86)/atmel/studio/7.0/toolchain/arm/arm-gnu-toolchain/bin/../lib/gcc/arm-none-eabi/4.9.3/../../../../arm-none-eabi/lib/armv7e-m\libc.a(lib_a-wbuf.o)
                                                  c:/program files (x86)/atmel/studio/7.0/toolchain/arm/arm-gnu-toolchain/bin/../lib/gcc/arm-none-eabi/4.9.3/../../../../arm-none-eabi/lib/armv7e-m\libc.a(lib_a-fvwrite.o)
                                                  c:/program files (x86)/atmel/studio/7.0/toolchain/arm/arm-gnu-toolchain/bin/../lib/gcc/arm-none-eabi/4.9.3/../../../../arm-none-eabi/lib/armv7e-m\libc.a(lib_a-vfiprintf.o)
__udivdi3                                         c:/program files (x86)/atmel/studio/7.0/toolchain/arm/arm-gnu-toolchain/bin/../lib/gcc/arm-none-eabi/4.9.3/armv7e-m\libgcc.a(_udivdi3.o)
                                                  c:/program files (x86)/atmel/studio/7.0/toolchain/arm/arm-gnu-toolchain/bin/../lib/gcc/arm-none-eabi/4.9.3/armv7e-m\libgcc.a(bpabi.o)
__wctomb                                          c:/program files (x86)/atmel/studio/7.0/toolchain/arm/arm-gnu-toolchain/bin/../lib/gcc/arm-none-eabi/4.9.3/../../../../arm-none-eabi/lib/armv7e-m\libc.a(lib_a-wctomb_r.o)
                                                  c:/program files (x86)/atmel/studio/7.0/toolchain/arm/arm-gnu-toolchain/bin/../lib/gcc/arm-none-eabi/4.9.3/../../../../arm-none-eabi/lib/armv7e-m\libc.a(lib_a-wcrtomb.o)
_cleanup                                          c:/program files (x86)/atmel/studio/7.0/toolchain/arm/arm-gnu-toolchain/bin/../lib/gcc/arm-none-eabi/4.9.3/../../../../arm-none-eabi/lib/armv7e-m\libc.a(lib_a-findfp.o)
_cleanup_r                                        c:/program files (x86)/atmel/studio/7.0/toolchain/arm/arm-gnu-toolchain/bin/../lib/gcc/arm-none-eabi/4.9.3/../../../../arm-none-eabi/lib/armv7e-m\libc.a(lib_a-findfp.o)
                                                  c:/program files (x86)/atmel/studio/7.0/toolchain/arm/arm-gnu-toolchain/bin/../lib/gcc/arm-none-eabi/4.9.3/../../../../arm-none-eabi/lib/armv7e-m\libc.a(lib_a-makebuf.o)
_close                                            src/ASF/sam/utils/syscalls/gcc/syscalls.o
                                                  c:/program files (x86)/atmel/studio/7.0/toolchain/arm/arm-gnu-toolchain/bin/../lib/gcc/arm-none-eabi/4.9.3/../../../../arm-none-eabi/lib/armv7e-m\libc.a(lib_a-closer.o)
_close_r                                          c:/program files (x86)/atmel/studio/7.0/toolchain/arm/arm-gnu-toolchain/bin/../lib/gcc/arm-none-eabi/4.9.3/../../../../arm-none-eabi/lib/armv7e-m\libc.a(lib_a-closer.o)
                                                  c:/program files (x86)/atmel/studio/7.0/toolchain/arm/arm-gnu-toolchain/bin/../lib/gcc/arm-none-eabi/4.9.3/../../../../arm-none-eabi/lib/armv7e-m\libc.a(lib_a-stdio.o)
_end                                              src/ASF/sam/utils/syscalls/gcc/syscalls.o
_erelocate                                        src/ASF/sam/utils/cmsis/sam4s/source/templates/gcc/startup_sam4s.o
_estack                                           src/ASF/sam/utils/cmsis/sam4s/source/templates/gcc/startup_sam4s.o
_etext                                            src/ASF/sam/utils/cmsis/sam4s/source/templates/gcc/startup_sam4s.o
_exit                                             src/ASF/sam/utils/syscalls/gcc/syscalls.o
                                                  c:/program files (x86)/atmel/studio/7.0/toolchain/arm/arm-gnu-toolchain/bin/../lib/gcc/arm-none-eabi/4.9.3/../../../../arm-none-eabi/lib/armv7e-m\libc.a(lib_a-exit.o)
_ezero                                            src/ASF/sam/utils/cmsis/sam4s/source/templates/gcc/startup_sam4s.o
_fclose_r                                         c:/program files (x86)/atmel/studio/7.0/toolchain/arm/arm-gnu-toolchain/bin/../lib/gcc/arm-none-eabi/4.9.3/../../../../arm-none-eabi/lib/armv7e-m\libc.a(lib_a-fclose.o)
                                                  c:/program files (x86)/atmel/studio/7.0/toolchain/arm/arm-gnu-toolchain/bin/../lib/gcc/arm-none-eabi/4.9.3/../../../../arm-none-eabi/lib/armv7e-m\libc.a(lib_a-findfp.o)
_fflush_r                                         c:/program files (x86)/atmel/studio/7.0/toolchain/arm/arm-gnu-toolchain/bin/../lib/gcc/arm-none-eabi/4.9.3/../../../../arm-none-eabi/lib/armv7e-m\libc.a(lib_a-fflush.o)
                                                  c:/program files (x86)/atmel/studio/7.0/toolchain/arm/arm-gnu-toolchain/bin/../lib/gcc/arm-none-eabi/4.9.3/../../../../arm-none-eabi/lib/armv7e-m\libc.a(lib_a-wbuf.o)
                                                  c:/program files (x86)/atmel/studio/7.0/toolchain/arm/arm-gnu-toolchain/bin/../lib/gcc/arm-none-eabi/4.9.3/../../../../arm-none-eabi/lib/armv7e-m\libc.a(lib_a-fvwrite.o)
                                                  c:/program files (x86)/atmel/studio/7.0/toolchain/arm/arm-gnu-toolchain/bin/../lib/gcc/arm-none-eabi/4.9.3/../../../../arm-none-eabi/lib/armv7e-m\libc.a(lib_a-vfiprintf.o)
_fini                                             c:/program files (x86)/atmel/studio/7.0/toolchain/arm/arm-gnu-toolchain/bin/../lib/gcc/arm-none-eabi/4.9.3/armv7e-m/crti.o
                                                  c:/program files (x86)/atmel/studio/7.0/toolchain/arm/arm-gnu-toolchain/bin/../lib/gcc/arm-none-eabi/4.9.3/../../../../arm-none-eabi/lib/armv7e-m\libc.a(lib_a-fini.o)
_fputwc_r                                         c:/program files (x86)/atmel/studio/7.0/toolchain/arm/arm-gnu-toolchain/bin/../lib/gcc/arm-none-eabi/4.9.3/../../../../arm-none-eabi/lib/armv7e-m\libc.a(lib_a-fputwc.o)
                                                  c:/program files (x86)/atmel/studio/7.0/toolchain/arm/arm-gnu-toolchain/bin/../lib/gcc/arm-none-eabi/4.9.3/../../../../arm-none-eabi/lib/armv7e-m\libc.a(lib_a-vfiprintf.o)
_free_r                                           c:/program files (x86)/atmel/studio/7.0/toolchain/arm/arm-gnu-toolchain/bin/../lib/gcc/arm-none-eabi/4.9.3/../../../../arm-none-eabi/lib/armv7e-m\libc.a(lib_a-freer.o)
                                                  c:/program files (x86)/atmel/studio/7.0/toolchain/arm/arm-gnu-toolchain/bin/../lib/gcc/arm-none-eabi/4.9.3/../../../../arm-none-eabi/lib/armv7e-m\libc.a(lib_a-reent.o)
                                                  c:/program files (x86)/atmel/studio/7.0/toolchain/arm/arm-gnu-toolchain/bin/../lib/gcc/arm-none-eabi/4.9.3/../../../../arm-none-eabi/lib/armv7e-m\libc.a(lib_a-fclose.o)
                                                  c:/program files (x86)/atmel/studio/7.0/toolchain/arm/arm-gnu-toolchain/bin/../lib/gcc/arm-none-eabi/4.9.3/../../../../arm-none-eabi/lib/armv7e-m\libc.a(lib_a-reallocr.o)
                                                  c:/program files (x86)/atmel/studio/7.0/toolchain/arm/arm-gnu-toolchain/bin/../lib/gcc/arm-none-eabi/4.9.3/../../../../arm-none-eabi/lib/armv7e-m\libc.a(lib_a-mallocr.o)
                                                  c:/program files (x86)/atmel/studio/7.0/toolchain/arm/arm-gnu-toolchain/bin/../lib/gcc/arm-none-eabi/4.9.3/../../../../arm-none-eabi/lib/armv7e-m\libc.a(lib_a-fvwrite.o)
                                                  c:/program files (x86)/atmel/studio/7.0/toolchain/arm/arm-gnu-toolchain/bin/../lib/gcc/arm-none-eabi/4.9.3/../../../../arm-none-eabi/lib/armv7e-m\libc.a(lib_a-fflush.o)
                                                  c:/program files (x86)/atmel/studio/7.0/toolchain/arm/arm-gnu-toolchain/bin/../lib/gcc/arm-none-eabi/4.9.3/../../../../arm-none-eabi/lib/armv7e-m\libc.a(lib_a-wsetup.o)
_fstat                                            src/ASF/sam/utils/syscalls/gcc/syscalls.o
                                                  c:/program files (x86)/atmel/studio/7.0/toolchain/arm/arm-gnu-toolchain/bin/../lib/gcc/arm-none-eabi/4.9.3/../../../../arm-none-eabi/lib/armv7e-m\libc.a(lib_a-fstatr.o)
_fstat_r                                          c:/program files (x86)/atmel/studio/7.0/toolchain/arm/arm-gnu-toolchain/bin/../lib/gcc/arm-none-eabi/4.9.3/../../../../arm-none-eabi/lib/armv7e-m\libc.a(lib_a-fstatr.o)
                                                  c:/program files (x86)/atmel/studio/7.0/toolchain/arm/arm-gnu-toolchain/bin/../lib/gcc/arm-none-eabi/4.9.3/../../../../arm-none-eabi/lib/armv7e-m\libc.a(lib_a-makebuf.o)
_fwalk                                            c:/program files (x86)/atmel/studio/7.0/toolchain/arm/arm-gnu-toolchain/bin/../lib/gcc/arm-none-eabi/4.9.3/../../../../arm-none-eabi/lib/armv7e-m\libc.a(lib_a-fwalk.o)
                                                  c:/program files (x86)/atmel/studio/7.0/toolchain/arm/arm-gnu-toolchain/bin/../lib/gcc/arm-none-eabi/4.9.3/../../../../arm-none-eabi/lib/armv7e-m\libc.a(lib_a-findfp.o)
_fwalk_reent                                      c:/program files (x86)/atmel/studio/7.0/toolchain/arm/arm-gnu-toolchain/bin/../lib/gcc/arm-none-eabi/4.9.3/../../../../arm-none-eabi/lib/armv7e-m\libc.a(lib_a-fwalk.o)
                                                  c:/program files (x86)/atmel/studio/7.0/toolchain/arm/arm-gnu-toolchain/bin/../lib/gcc/arm-none-eabi/4.9.3/../../../../arm-none-eabi/lib/armv7e-m\libc.a(lib_a-findfp.o)
                                                  c:/program files (x86)/atmel/studio/7.0/toolchain/arm/arm-gnu-toolchain/bin/../lib/gcc/arm-none-eabi/4.9.3/../../../../arm-none-eabi/lib/armv7e-m\libc.a(lib_a-fflush.o)
_getpid                                           src/ASF/sam/utils/syscalls/gcc/syscalls.o
_global_impure_ptr                                c:/program files (x86)/atmel/studio/7.0/toolchain/arm/arm-gnu-toolchain/bin/../lib/gcc/arm-none-eabi/4.9.3/../../../../arm-none-eabi/lib/armv7e-m\libc.a(lib_a-impure.o)
                                                  c:/program files (x86)/atmel/studio/7.0/toolchain/arm/arm-gnu-toolchain/bin/../lib/gcc/arm-none-eabi/4.9.3/../../../../arm-none-eabi/lib/armv7e-m\libc.a(lib_a-__atexit.o)
                                                  c:/program files (x86)/atmel/studio/7.0/toolchain/arm/arm-gnu-toolchain/bin/../lib/gcc/arm-none-eabi/4.9.3/../../../../arm-none-eabi/lib/armv7e-m\libc.a(lib_a-findfp.o)
                                                  c:/program files (x86)/atmel/studio/7.0/toolchain/arm/arm-gnu-toolchain/bin/../lib/gcc/arm-none-eabi/4.9.3/../../../../arm-none-eabi/lib/armv7e-m\libc.a(lib_a-fflush.o)
                                                  c:/program files (x86)/atmel/studio/7.0/toolchain/arm/arm-gnu-toolchain/bin/../lib/gcc/arm-none-eabi/4.9.3/../../../../arm-none-eabi/lib/armv7e-m\libc.a(lib_a-__call_atexit.o)
                                                  c:/program files (x86)/atmel/studio/7.0/toolchain/arm/arm-gnu-toolchain/bin/../lib/gcc/arm-none-eabi/4.9.3/../../../../arm-none-eabi/lib/armv7e-m\libc.a(lib_a-exit.o)
_impure_ptr                                       c:/program files (x86)/atmel/studio/7.0/toolchain/arm/arm-gnu-toolchain/bin/../lib/gcc/arm-none-eabi/4.9.3/../../../../arm-none-eabi/lib/armv7e-m\libc.a(lib_a-impure.o)
                                                  c:/program files (x86)/atmel/studio/7.0/toolchain/arm/arm-gnu-toolchain/bin/../lib/gcc/arm-none-eabi/4.9.3/../../../../arm-none-eabi/lib/armv7e-m\libc.a(lib_a-reent.o)
                                                  c:/program files (x86)/atmel/studio/7.0/toolchain/arm/arm-gnu-toolchain/bin/../lib/gcc/arm-none-eabi/4.9.3/../../../../arm-none-eabi/lib/armv7e-m\libc.a(lib_a-fclose.o)
                                                  c:/program files (x86)/atmel/studio/7.0/toolchain/arm/arm-gnu-toolchain/bin/../lib/gcc/arm-none-eabi/4.9.3/../../../../arm-none-eabi/lib/armv7e-m\libc.a(lib_a-wcrtomb.o)
                                                  c:/program files (x86)/atmel/studio/7.0/toolchain/arm/arm-gnu-toolchain/bin/../lib/gcc/arm-none-eabi/4.9.3/../../../../arm-none-eabi/lib/armv7e-m\libc.a(lib_a-wbuf.o)
                                                  c:/program files (x86)/atmel/studio/7.0/toolchain/arm/arm-gnu-toolchain/bin/../lib/gcc/arm-none-eabi/4.9.3/../../../../arm-none-eabi/lib/armv7e-m\libc.a(lib_a-locale.o)
                                                  c:/program files (x86)/atmel/studio/7.0/toolchain/arm/arm-gnu-toolchain/bin/../lib/gcc/arm-none-eabi/4.9.3/../../../../arm-none-eabi/lib/armv7e-m\libc.a(lib_a-fputwc.o)
                                                  c:/program files (x86)/atmel/studio/7.0/toolchain/arm/arm-gnu-toolchain/bin/../lib/gcc/arm-none-eabi/4.9.3/../../../../arm-none-eabi/lib/armv7e-m\libc.a(lib_a-findfp.o)
                                                  c:/program files (x86)/atmel/studio/7.0/toolchain/arm/arm-gnu-toolchain/bin/../lib/gcc/arm-none-eabi/4.9.3/../../../../arm-none-eabi/lib/armv7e-m\libc.a(lib_a-fflush.o)
                                                  c:/program files (x86)/atmel/studio/7.0/toolchain/arm/arm-gnu-toolchain/bin/../lib/gcc/arm-none-eabi/4.9.3/../../../../arm-none-eabi/lib/armv7e-m\libc.a(lib_a-wsetup.o)
                                                  c:/program files (x86)/atmel/studio/7.0/toolchain/arm/arm-gnu-toolchain/bin/../lib/gcc/arm-none-eabi/4.9.3/../../../../arm-none-eabi/lib/armv7e-m\libc.a(lib_a-vfiprintf.o)
                                                  c:/program files (x86)/atmel/studio/7.0/toolchain/arm/arm-gnu-toolchain/bin/../lib/gcc/arm-none-eabi/4.9.3/../../../../arm-none-eabi/lib/armv7e-m\libc.a(lib_a-puts.o)
                                                  c:/program files (x86)/atmel/studio/7.0/toolchain/arm/arm-gnu-toolchain/bin/../lib/gcc/arm-none-eabi/4.9.3/../../../../arm-none-eabi/lib/armv7e-m\libc.a(lib_a-iprintf.o)
_init                                             c:/program files (x86)/atmel/studio/7.0/toolchain/arm/arm-gnu-toolchain/bin/../lib/gcc/arm-none-eabi/4.9.3/armv7e-m/crti.o
                                                  c:/program files (x86)/atmel/studio/7.0/toolchain/arm/arm-gnu-toolchain/bin/../lib/gcc/arm-none-eabi/4.9.3/../../../../arm-none-eabi/lib/armv7e-m\libc.a(lib_a-init.o)